Archive member included because of file (symbol)

c:/davev4/dave-4.3.2/eclipse/arm-gcc-49/bin/../lib/gcc/arm-none-eabi/4.9.3/../../../../arm-none-eabi/lib/armv6-m\libm.a(lib_a-s_cos.o)
                              ./main.o (cos)
c:/davev4/dave-4.3.2/eclipse/arm-gcc-49/bin/../lib/gcc/arm-none-eabi/4.9.3/../../../../arm-none-eabi/lib/armv6-m\libm.a(lib_a-s_sin.o)
                              ./main.o (sin)
c:/davev4/dave-4.3.2/eclipse/arm-gcc-49/bin/../lib/gcc/arm-none-eabi/4.9.3/../../../../arm-none-eabi/lib/armv6-m\libm.a(lib_a-e_rem_pio2.o)
                              c:/davev4/dave-4.3.2/eclipse/arm-gcc-49/bin/../lib/gcc/arm-none-eabi/4.9.3/../../../../arm-none-eabi/lib/armv6-m\libm.a(lib_a-s_cos.o) (__ieee754_rem_pio2)
c:/davev4/dave-4.3.2/eclipse/arm-gcc-49/bin/../lib/gcc/arm-none-eabi/4.9.3/../../../../arm-none-eabi/lib/armv6-m\libm.a(lib_a-k_cos.o)
                              c:/davev4/dave-4.3.2/eclipse/arm-gcc-49/bin/../lib/gcc/arm-none-eabi/4.9.3/../../../../arm-none-eabi/lib/armv6-m\libm.a(lib_a-s_cos.o) (__kernel_cos)
c:/davev4/dave-4.3.2/eclipse/arm-gcc-49/bin/../lib/gcc/arm-none-eabi/4.9.3/../../../../arm-none-eabi/lib/armv6-m\libm.a(lib_a-k_rem_pio2.o)
                              c:/davev4/dave-4.3.2/eclipse/arm-gcc-49/bin/../lib/gcc/arm-none-eabi/4.9.3/../../../../arm-none-eabi/lib/armv6-m\libm.a(lib_a-e_rem_pio2.o) (__kernel_rem_pio2)
c:/davev4/dave-4.3.2/eclipse/arm-gcc-49/bin/../lib/gcc/arm-none-eabi/4.9.3/../../../../arm-none-eabi/lib/armv6-m\libm.a(lib_a-k_sin.o)
                              c:/davev4/dave-4.3.2/eclipse/arm-gcc-49/bin/../lib/gcc/arm-none-eabi/4.9.3/../../../../arm-none-eabi/lib/armv6-m\libm.a(lib_a-s_cos.o) (__kernel_sin)
c:/davev4/dave-4.3.2/eclipse/arm-gcc-49/bin/../lib/gcc/arm-none-eabi/4.9.3/../../../../arm-none-eabi/lib/armv6-m\libm.a(lib_a-s_fabs.o)
                              c:/davev4/dave-4.3.2/eclipse/arm-gcc-49/bin/../lib/gcc/arm-none-eabi/4.9.3/../../../../arm-none-eabi/lib/armv6-m\libm.a(lib_a-e_rem_pio2.o) (fabs)
c:/davev4/dave-4.3.2/eclipse/arm-gcc-49/bin/../lib/gcc/arm-none-eabi/4.9.3/../../../../arm-none-eabi/lib/armv6-m\libm.a(lib_a-s_floor.o)
                              c:/davev4/dave-4.3.2/eclipse/arm-gcc-49/bin/../lib/gcc/arm-none-eabi/4.9.3/../../../../arm-none-eabi/lib/armv6-m\libm.a(lib_a-k_rem_pio2.o) (floor)
c:/davev4/dave-4.3.2/eclipse/arm-gcc-49/bin/../lib/gcc/arm-none-eabi/4.9.3/../../../../arm-none-eabi/lib/armv6-m\libm.a(lib_a-s_scalbn.o)
                              c:/davev4/dave-4.3.2/eclipse/arm-gcc-49/bin/../lib/gcc/arm-none-eabi/4.9.3/../../../../arm-none-eabi/lib/armv6-m\libm.a(lib_a-k_rem_pio2.o) (scalbn)
c:/davev4/dave-4.3.2/eclipse/arm-gcc-49/bin/../lib/gcc/arm-none-eabi/4.9.3/../../../../arm-none-eabi/lib/armv6-m\libm.a(lib_a-s_copysign.o)
                              c:/davev4/dave-4.3.2/eclipse/arm-gcc-49/bin/../lib/gcc/arm-none-eabi/4.9.3/../../../../arm-none-eabi/lib/armv6-m\libm.a(lib_a-s_scalbn.o) (copysign)
c:/davev4/dave-4.3.2/eclipse/arm-gcc-49/bin/../lib/gcc/arm-none-eabi/4.9.3/armv6-m\libgcc.a(_arm_cmpdf2.o)
                              c:/davev4/dave-4.3.2/eclipse/arm-gcc-49/bin/../lib/gcc/arm-none-eabi/4.9.3/../../../../arm-none-eabi/lib/armv6-m\libm.a(lib_a-e_rem_pio2.o) (__aeabi_dcmpeq)
c:/davev4/dave-4.3.2/eclipse/arm-gcc-49/bin/../lib/gcc/arm-none-eabi/4.9.3/armv6-m\libgcc.a(_arm_cmpsf2.o)
                              ./ProbeScope/probe_scope.o (__aeabi_fcmplt)
c:/davev4/dave-4.3.2/eclipse/arm-gcc-49/bin/../lib/gcc/arm-none-eabi/4.9.3/armv6-m\libgcc.a(_fixunsdfsi.o)
                              ./main.o (__aeabi_d2uiz)
c:/davev4/dave-4.3.2/eclipse/arm-gcc-49/bin/../lib/gcc/arm-none-eabi/4.9.3/armv6-m\libgcc.a(addsf3.o)
                              ./main.o (__aeabi_fadd)
c:/davev4/dave-4.3.2/eclipse/arm-gcc-49/bin/../lib/gcc/arm-none-eabi/4.9.3/armv6-m\libgcc.a(eqsf2.o)
                              c:/davev4/dave-4.3.2/eclipse/arm-gcc-49/bin/../lib/gcc/arm-none-eabi/4.9.3/armv6-m\libgcc.a(_arm_cmpsf2.o) (__eqsf2)
c:/davev4/dave-4.3.2/eclipse/arm-gcc-49/bin/../lib/gcc/arm-none-eabi/4.9.3/armv6-m\libgcc.a(gesf2.o)
                              c:/davev4/dave-4.3.2/eclipse/arm-gcc-49/bin/../lib/gcc/arm-none-eabi/4.9.3/armv6-m\libgcc.a(_arm_cmpsf2.o) (__gesf2)
c:/davev4/dave-4.3.2/eclipse/arm-gcc-49/bin/../lib/gcc/arm-none-eabi/4.9.3/armv6-m\libgcc.a(lesf2.o)
                              c:/davev4/dave-4.3.2/eclipse/arm-gcc-49/bin/../lib/gcc/arm-none-eabi/4.9.3/armv6-m\libgcc.a(_arm_cmpsf2.o) (__lesf2)
c:/davev4/dave-4.3.2/eclipse/arm-gcc-49/bin/../lib/gcc/arm-none-eabi/4.9.3/armv6-m\libgcc.a(floatsisf.o)
                              ./main.o (__aeabi_i2f)
c:/davev4/dave-4.3.2/eclipse/arm-gcc-49/bin/../lib/gcc/arm-none-eabi/4.9.3/armv6-m\libgcc.a(floatunsisf.o)
                              ./main.o (__aeabi_ui2f)
c:/davev4/dave-4.3.2/eclipse/arm-gcc-49/bin/../lib/gcc/arm-none-eabi/4.9.3/armv6-m\libgcc.a(adddf3.o)
[...]
Memory Configuration

Name             Origin             Length             Attributes
FLASH            0x10001000         0x00032000         xr
SRAM             0x20000000         0x00004000         !xr
*default*        0x00000000         0xffffffff

Linker script and memory map

LOAD ./Startup/startup_XMC1300.o
LOAD ./Startup/system_XMC1300.o
LOAD ./ProbeScope/probe_scope.o
LOAD ./Libraries/XMCLib/src/xmc1_eru.o
LOAD ./Libraries/XMCLib/src/xmc1_flash.o
LOAD ./Libraries/XMCLib/src/xmc1_gpio.o
LOAD ./Libraries/XMCLib/src/xmc1_rtc.o
LOAD ./Libraries/XMCLib/src/xmc1_scu.o
LOAD ./Libraries/XMCLib/src/xmc_acmp.o
LOAD ./Libraries/XMCLib/src/xmc_bccu.o
LOAD ./Libraries/XMCLib/src/xmc_can.o
LOAD ./Libraries/XMCLib/src/xmc_ccu4.o
LOAD ./Libraries/XMCLib/src/xmc_ccu8.o
LOAD ./Libraries/XMCLib/src/xmc_common.o
LOAD ./Libraries/XMCLib/src/xmc_eru.o
LOAD ./Libraries/XMCLib/src/xmc_gpio.o
LOAD ./Libraries/XMCLib/src/xmc_i2c.o
LOAD ./Libraries/XMCLib/src/xmc_i2s.o
LOAD ./Libraries/XMCLib/src/xmc_ledts.o
LOAD ./Libraries/XMCLib/src/xmc_math.o
LOAD ./Libraries/XMCLib/src/xmc_pau.o
LOAD ./Libraries/XMCLib/src/xmc_posif.o
LOAD ./Libraries/XMCLib/src/xmc_prng.o
LOAD ./Libraries/XMCLib/src/xmc_rtc.o
LOAD ./Libraries/XMCLib/src/xmc_spi.o
LOAD ./Libraries/XMCLib/src/xmc_uart.o
LOAD ./Libraries/XMCLib/src/xmc_usic.o
LOAD ./Libraries/XMCLib/src/xmc_vadc.o
LOAD ./Libraries/XMCLib/src/xmc_wdt.o
LOAD ./Libraries/Newlib/syscalls.o
LOAD ./Dave/Generated/UART/uart.o
LOAD ./Dave/Generated/UART/uart_conf.o
LOAD ./Dave/Generated/PWM_CCU8/pwm_ccu8.o
LOAD ./Dave/Generated/PWM_CCU8/pwm_ccu8_conf.o
LOAD ./Dave/Generated/PWM_CCU4/pwm_ccu4.o
LOAD ./Dave/Generated/PWM_CCU4/pwm_ccu4_conf.o
LOAD ./Dave/Generated/PDM_BCCU/pdm_bccu.o
LOAD ./Dave/Generated/PDM_BCCU/pdm_bccu_conf.o
LOAD ./Dave/Generated/INTERRUPT/interrupt.o
LOAD ./Dave/Generated/INTERRUPT/interrupt_conf.o
LOAD ./Dave/Generated/GLOBAL_CCU8/global_ccu8.o
LOAD ./Dave/Generated/GLOBAL_CCU8/global_ccu8_conf.o
LOAD ./Dave/Generated/GLOBAL_CCU4/global_ccu4.o
LOAD ./Dave/Generated/GLOBAL_CCU4/global_ccu4_conf.o
LOAD ./Dave/Generated/GLOBAL_BCCU/global_bccu.o
LOAD ./Dave/Generated/GLOBAL_BCCU/global_bccu_conf.o
LOAD ./Dave/Generated/GLOBAL_ADC/global_adc.o
LOAD ./Dave/Generated/GLOBAL_ADC/global_adc_conf.o
LOAD ./Dave/Generated/GLOBAL_ACMP/global_acmp.o
LOAD ./Dave/Generated/GLOBAL_ACMP/global_acmp_conf.o
LOAD ./Dave/Generated/E_EEPROM_XMC1/e_eeprom_xmc1.o
LOAD ./Dave/Generated/E_EEPROM_XMC1/e_eeprom_xmc1_conf.o
LOAD ./Dave/Generated/EVENT_GENERATOR/event_generator.o
LOAD ./Dave/Generated/EVENT_GENERATOR/event_generator_conf.o
LOAD ./Dave/Generated/EVENT_DETECTOR/event_detector.o
LOAD ./Dave/Generated/EVENT_DETECTOR/event_detector_conf.o
LOAD ./Dave/Generated/DIGITAL_IO/digital_io.o
LOAD ./Dave/Generated/DIGITAL_IO/digital_io_conf.o
LOAD ./Dave/Generated/CPU_CTRL_XMC1/cpu_ctrl_xmc1.o
LOAD ./Dave/Generated/CPU_CTRL_XMC1/cpu_ctrl_xmc1_conf.o
LOAD ./Dave/Generated/CLOCK_XMC1/clock_xmc1.o
LOAD ./Dave/Generated/CLOCK_XMC1/clock_xmc1_conf.o
LOAD ./Dave/Generated/ADC_SCAN/adc_scan.o
LOAD ./Dave/Generated/ADC_SCAN/adc_scan_conf.o
LOAD ./Dave/Generated/ADC_MEASUREMENT_ADV/adc_measurement_adv.o
LOAD ./Dave/Generated/ADC_MEASUREMENT_ADV/adc_measurement_adv_conf.o
LOAD ./Dave/Generated/ADC_MEASUREMENT/adc_measurement.o
LOAD ./Dave/Generated/ADC_MEASUREMENT/adc_measurement_conf.o
LOAD ./Dave/Generated/ACMP_CONFIG/acmp_config.o
LOAD ./Dave/Generated/ACMP_CONFIG/acmp_config_conf.o
LOAD ./Dave/Generated/DAVE.o
LOAD ./XMC1000_tseRoutine.o
LOAD ./main.o
LOAD c:/davev4/dave-4.3.2/eclipse/arm-gcc-49/bin/../lib/gcc/arm-none-eabi/4.9.3/../../../../arm-none-eabi/lib/armv6-m\libm.a
START GROUP
LOAD c:/davev4/dave-4.3.2/eclipse/arm-gcc-49/bin/../lib/gcc/arm-none-eabi/4.9.3/armv6-m\libgcc.a
LOAD c:/davev4/dave-4.3.2/eclipse/arm-gcc-49/bin/../lib/gcc/arm-none-eabi/4.9.3/../../../../arm-none-eabi/lib/armv6-m\libg_nano.a
LOAD c:/davev4/dave-4.3.2/eclipse/arm-gcc-49/bin/../lib/gcc/arm-none-eabi/4.9.3/../../../../arm-none-eabi/lib/armv6-m\libc_nano.a
END GROUP
START GROUP
LOAD c:/davev4/dave-4.3.2/eclipse/arm-gcc-49/bin/../lib/gcc/arm-none-eabi/4.9.3/armv6-m\libgcc.a
LOAD c:/davev4/dave-4.3.2/eclipse/arm-gcc-49/bin/../lib/gcc/arm-none-eabi/4.9.3/../../../../arm-none-eabi/lib/armv6-m\libc_nano.a
LOAD c:/davev4/dave-4.3.2/eclipse/arm-gcc-49/bin/../lib/gcc/arm-none-eabi/4.9.3/../../../../arm-none-eabi/lib/armv6-m\libnosys.a
END GROUP
START GROUP
LOAD c:/davev4/dave-4.3.2/eclipse/arm-gcc-49/bin/../lib/gcc/arm-none-eabi/4.9.3/armv6-m\libgcc.a
LOAD c:/davev4/dave-4.3.2/eclipse/arm-gcc-49/bin/../lib/gcc/arm-none-eabi/4.9.3/../../../../arm-none-eabi/lib/armv6-m\libc_nano.a
LOAD c:/davev4/dave-4.3.2/eclipse/arm-gcc-49/bin/../lib/gcc/arm-none-eabi/4.9.3/../../../../arm-none-eabi/lib/armv6-m\libnosys.a
END GROUP
                0x00000400                stack_size = DEFINED (stack_size)?stack_size:0x400
                0x00000004                no_init_size = 0x4

.text           0x10001000     0xe610
                0x10001000                sText = .
 *(.reset)
 .reset         0x10001000       0x9c ./Startup/startup_XMC1300.o
                0x10001000                __Vectors
                0x10001018                Reset_Handler
                0x10001098                USIC0_5_IRQHandler
                0x10001098                POSIF0_0_IRQHandler
                0x10001098                HardFault_Handler
                0x10001098                VADC0_G1_1_IRQHandler
                0x10001098                PendSV_Handler
                0x10001098                VADC0_C0_0_IRQHandler
                0x10001098                SCU_0_IRQHandler
                0x10001098                ERU0_0_IRQHandler
                0x10001098                CCU80_1_IRQHandler
                0x10001098                ERU0_2_IRQHandler
                0x10001098                ERU0_3_IRQHandler
                0x10001098                CCU40_2_IRQHandler
                0x10001098                VADC0_G0_1_IRQHandler
                0x10001098                CCU40_0_IRQHandler
                0x10001098                POSIF0_1_IRQHandler
                0x10001098                VADC0_G0_0_IRQHandler
                0x10001098                MATH0_0_IRQHandler
                0x10001098                VADC0_C0_1_IRQHandler
                0x10001098                SVC_Handler
                0x10001098                USIC0_3_IRQHandler
                0x10001098                VADC0_G1_0_IRQHandler
                0x10001098                CCU80_0_IRQHandler
                0x10001098                CCU40_1_IRQHandler
                0x10001098                SCU_2_IRQHandler
                0x10001098                CCU40_3_IRQHandler
                0x10001098                USIC0_4_IRQHandler
                0x10001098                SCU_1_IRQHandler
                0x10001098                ERU0_1_IRQHandler
                0x10001098                USIC0_2_IRQHandler
                0x10001098                Default_handler
 *(.text .text.* .gnu.linkonce.t.*)
 .text.SystemInit
                0x1000109c       0x10 ./Startup/system_XMC1300.o
                0x1000109c                SystemInit
 .text.SystemCoreClockUpdate
                0x100010ac       0x68 ./Startup/system_XMC1300.o
                0x100010ac                SystemCoreClockUpdate
 .text.ProbeScope_Init
                0x10001114      0x134 ./ProbeScope/probe_scope.o
                0x10001114                ProbeScope_Init
 .text.ProbeScope_Sampling
                0x10001248       0x40 ./ProbeScope/probe_scope.o
                0x10001248                ProbeScope_Sampling
 .text.ProbeScope_ModeOff
                0x10001288       0x24 ./ProbeScope/probe_scope.o
 .text.ProbeScope_ModeContinuous
                0x100012ac       0x7c ./ProbeScope/probe_scope.o
 .text.ProbeScope_ModeTrig
                0x10001328      0x18c ./ProbeScope/probe_scope.o
 .text.ProbeScope_SampleChAll
                0x100014b4       0x38 ./ProbeScope/probe_scope.o
 .text.ProbeScope_SampleCh
                0x100014ec      0x200 ./ProbeScope/probe_scope.o
 .text.ProbeScope_SamplePosNext
                0x100016ec       0x34 ./ProbeScope/probe_scope.o
 .text.ProbeScope_IsTrig
                0x10001720      0x624 ./ProbeScope/probe_scope.o
 .text.XMC_ERU_Enable
                0x10001d44       0x10 ./Libraries/XMCLib/src/xmc1_eru.o
                0x10001d44                XMC_ERU_Enable
 .text.XMC_FLASH_IsBusy
                0x10001d54       0x1c ./Libraries/XMCLib/src/xmc1_flash.o
 .text.XMC_FLASH_ClearStatus
                0x10001d70       0x20 ./Libraries/XMCLib/src/xmc1_flash.o
                0x10001d70                XMC_FLASH_ClearStatus
 .text.XMC_FLASH_GetStatus
                0x10001d90       0x14 ./Libraries/XMCLib/src/xmc1_flash.o
                0x10001d90                XMC_FLASH_GetStatus
 .text.XMC_FLASH_ProgramVerifyPage
                0x10001da4       0x20 ./Libraries/XMCLib/src/xmc1_flash.o
                0x10001da4                XMC_FLASH_ProgramVerifyPage
 .text.XMC_FLASH_WriteBlocks
                0x10001dc4       0xbc ./Libraries/XMCLib/src/xmc1_flash.o
                0x10001dc4                XMC_FLASH_WriteBlocks
 .text.XMC_FLASH_ErasePages
                0x10001e80       0x44 ./Libraries/XMCLib/src/xmc1_flash.o
                0x10001e80                XMC_FLASH_ErasePages
 .text.XMC_FLASH_ReadBlocks
                0x10001ec4       0x4c ./Libraries/XMCLib/src/xmc1_flash.o
                0x10001ec4                XMC_FLASH_ReadBlocks
 .text.XMC_FLASH_ProgramPage
                0x10001f10       0x1c ./Libraries/XMCLib/src/xmc1_flash.o
                0x10001f10                XMC_FLASH_ProgramPage
 .text.XMC_GPIO_Init
                0x10001f2c      0x170 ./Libraries/XMCLib/src/xmc1_gpio.o
                0x10001f2c                XMC_GPIO_Init
 .text.XMC_SCU_LockProtectedBits
                0x1000209c       0x14 ./Libraries/XMCLib/src/xmc1_scu.o
                0x1000209c                XMC_SCU_LockProtectedBits
 .text.XMC_SCU_UnlockProtectedBits
                0x100020b0       0x20 ./Libraries/XMCLib/src/xmc1_scu.o
                0x100020b0                XMC_SCU_UnlockProtectedBits
 .text.XMC_SCU_StartTempMeasurement
                0x100020d0       0x1c ./Libraries/XMCLib/src/xmc1_scu.o
                0x100020d0                XMC_SCU_StartTempMeasurement
 .text.XMC_SCU_CLOCK_Init
                0x100020ec       0x48 ./Libraries/XMCLib/src/xmc1_scu.o
                0x100020ec                XMC_SCU_CLOCK_Init
 .text.XMC_SCU_CLOCK_UngatePeripheralClock
                0x10002134       0x3c ./Libraries/XMCLib/src/xmc1_scu.o
                0x10002134                XMC_SCU_CLOCK_UngatePeripheralClock
 .text.XMC_SCU_CLOCK_IsPeripheralClockGated
                0x10002170       0x28 ./Libraries/XMCLib/src/xmc1_scu.o
                0x10002170                XMC_SCU_CLOCK_IsPeripheralClockGated
 .text.XMC_SCU_CLOCK_ScaleMCLKFrequency
                0x10002198       0xa4 ./Libraries/XMCLib/src/xmc1_scu.o
                0x10002198                XMC_SCU_CLOCK_ScaleMCLKFrequency
 .text.XMC_SCU_CLOCK_lFrequencyUpScaling
                0x1000223c       0x54 ./Libraries/XMCLib/src/xmc1_scu.o
 .text.XMC_SCU_CLOCK_lFrequencyDownScaling
                0x10002290       0x5c ./Libraries/XMCLib/src/xmc1_scu.o
 .text.XMC_SCU_CLOCK_GetPeripheralClockFrequency
                0x100022ec       0x14 ./Libraries/XMCLib/src/xmc1_scu.o
                0x100022ec                XMC_SCU_CLOCK_GetPeripheralClockFrequency
 .text.XMC_ACMP_Init
                0x10002300       0x44 ./Libraries/XMCLib/src/xmc_acmp.o
                0x10002300                XMC_ACMP_Init
 .text.XMC_BCCU_GlobalInit
                0x10002344       0x30 ./Libraries/XMCLib/src/xmc_bccu.o
                0x10002344                XMC_BCCU_GlobalInit
 .text.XMC_BCCU_SelectTrapInput
                0x10002374       0x34 ./Libraries/XMCLib/src/xmc_bccu.o
                0x10002374                XMC_BCCU_SelectTrapInput
 .text.XMC_BCCU_SetTrapEdge
                0x100023a8       0x34 ./Libraries/XMCLib/src/xmc_bccu.o
                0x100023a8                XMC_BCCU_SetTrapEdge
 .text.XMC_BCCU_EnableChannel
                0x100023dc       0x24 ./Libraries/XMCLib/src/xmc_bccu.o
                0x100023dc                XMC_BCCU_EnableChannel
 .text.XMC_BCCU_SetOutputPassiveLevel
                0x10002400       0x28 ./Libraries/XMCLib/src/xmc_bccu.o
                0x10002400                XMC_BCCU_SetOutputPassiveLevel
 .text.XMC_BCCU_EnableTrap
                0x10002428       0x24 ./Libraries/XMCLib/src/xmc_bccu.o
                0x10002428                XMC_BCCU_EnableTrap
 .text.XMC_BCCU_EnableChannelTrigger
                0x1000244c       0x50 ./Libraries/XMCLib/src/xmc_bccu.o
                0x1000244c                XMC_BCCU_EnableChannelTrigger
 .text.XMC_BCCU_CH_Init
                0x1000249c       0x28 ./Libraries/XMCLib/src/xmc_bccu.o
                0x1000249c                XMC_BCCU_CH_Init
 .text.XMC_BCCU_CH_ConfigTrigger
                0x100024c4       0x48 ./Libraries/XMCLib/src/xmc_bccu.o
                0x100024c4                XMC_BCCU_CH_ConfigTrigger
 .text.XMC_BCCU_CH_SetLinearWalkPrescaler
                0x1000250c       0x30 ./Libraries/XMCLib/src/xmc_bccu.o
                0x1000250c                XMC_BCCU_CH_SetLinearWalkPrescaler
 .text.XMC_BCCU_CH_SetTargetIntensity
                0x1000253c       0x18 ./Libraries/XMCLib/src/xmc_bccu.o
                0x1000253c                XMC_BCCU_CH_SetTargetIntensity
 .text.XMC_CCU4_StartPrescaler
                0x10002554       0x1c ./Libraries/XMCLib/src/xmc_ccu4.o
 .text.XMC_CCU4_lUngateClock
                0x10002570       0x24 ./Libraries/XMCLib/src/xmc_ccu4.o
 .text.XMC_CCU4_EnableModule
                0x10002594       0x18 ./Libraries/XMCLib/src/xmc_ccu4.o
                0x10002594                XMC_CCU4_EnableModule
 .text.XMC_CCU4_Init
                0x100025ac       0x48 ./Libraries/XMCLib/src/xmc_ccu4.o
                0x100025ac                XMC_CCU4_Init
 .text.XMC_CCU4_SetMultiChannelShadowTransferMode
                0x100025f4       0x34 ./Libraries/XMCLib/src/xmc_ccu4.o
                0x100025f4                XMC_CCU4_SetMultiChannelShadowTransferMode
 .text.XMC_CCU4_SLICE_CompareInit
                0x10002628       0x68 ./Libraries/XMCLib/src/xmc_ccu4.o
                0x10002628                XMC_CCU4_SLICE_CompareInit
 .text.XMC_CCU4_SLICE_StartConfig
                0x10002690       0x68 ./Libraries/XMCLib/src/xmc_ccu4.o
                0x10002690                XMC_CCU4_SLICE_StartConfig
 .text.XMC_CCU4_SLICE_StopConfig
                0x100026f8       0x64 ./Libraries/XMCLib/src/xmc_ccu4.o
                0x100026f8                XMC_CCU4_SLICE_StopConfig
 .text.XMC_CCU4_SLICE_LoadConfig
                0x1000275c       0x38 ./Libraries/XMCLib/src/xmc_ccu4.o
                0x1000275c                XMC_CCU4_SLICE_LoadConfig
 .text.XMC_CCU4_SLICE_ModulationConfig
                0x10002794       0x98 ./Libraries/XMCLib/src/xmc_ccu4.o
                0x10002794                XMC_CCU4_SLICE_ModulationConfig
 .text.XMC_CCU4_SLICE_CountConfig
                0x1000282c       0x38 ./Libraries/XMCLib/src/xmc_ccu4.o
                0x1000282c                XMC_CCU4_SLICE_CountConfig
 .text.XMC_CCU4_SLICE_GateConfig
                0x10002864       0x38 ./Libraries/XMCLib/src/xmc_ccu4.o
                0x10002864                XMC_CCU4_SLICE_GateConfig
 .text.XMC_CCU4_SLICE_DirectionConfig
                0x1000289c       0x38 ./Libraries/XMCLib/src/xmc_ccu4.o
                0x1000289c                XMC_CCU4_SLICE_DirectionConfig
 .text.XMC_CCU4_SLICE_StatusBitOverrideConfig
                0x100028d4       0x30 ./Libraries/XMCLib/src/xmc_ccu4.o
                0x100028d4                XMC_CCU4_SLICE_StatusBitOverrideConfig
 .text.XMC_CCU4_SLICE_TrapConfig
                0x10002904       0x8c ./Libraries/XMCLib/src/xmc_ccu4.o
                0x10002904                XMC_CCU4_SLICE_TrapConfig
 .text.XMC_CCU4_SLICE_ConfigureStatusBitOverrideEvent
                0x10002990       0xdc ./Libraries/XMCLib/src/xmc_ccu4.o
                0x10002990                XMC_CCU4_SLICE_ConfigureStatusBitOverrideEvent
 .text.XMC_CCU4_SLICE_ConfigureEvent
                0x10002a6c      0x11c ./Libraries/XMCLib/src/xmc_ccu4.o
                0x10002a6c                XMC_CCU4_SLICE_ConfigureEvent
 .text.XMC_CCU4_SLICE_SetInterruptNode
                0x10002b88       0x98 ./Libraries/XMCLib/src/xmc_ccu4.o
                0x10002b88                XMC_CCU4_SLICE_SetInterruptNode
 .text.XMC_CCU8_StartPrescaler
                0x10002c20       0x1c ./Libraries/XMCLib/src/xmc_ccu8.o
 .text.XMC_CCU8_SLICE_StopTimer
                0x10002c3c       0x14 ./Libraries/XMCLib/src/xmc_ccu8.o
 .text.XMC_CCU8_lUngateClock
                0x10002c50       0x24 ./Libraries/XMCLib/src/xmc_ccu8.o
 .text.XMC_CCU8_EnableModule
                0x10002c74       0x18 ./Libraries/XMCLib/src/xmc_ccu8.o
                0x10002c74                XMC_CCU8_EnableModule
 .text.XMC_CCU8_Init
                0x10002c8c       0x48 ./Libraries/XMCLib/src/xmc_ccu8.o
                0x10002c8c                XMC_CCU8_Init
 .text.XMC_CCU8_SLICE_CompareInit
                0x10002cd4       0x74 ./Libraries/XMCLib/src/xmc_ccu8.o
                0x10002cd4                XMC_CCU8_SLICE_CompareInit
 .text.XMC_CCU8_SetMultiChannelShadowTransferMode
                0x10002d48       0x34 ./Libraries/XMCLib/src/xmc_ccu8.o
                0x10002d48                XMC_CCU8_SetMultiChannelShadowTransferMode
 .text.XMC_CCU8_SLICE_StartConfig
                0x10002d7c       0x68 ./Libraries/XMCLib/src/xmc_ccu8.o
                0x10002d7c                XMC_CCU8_SLICE_StartConfig
 .text.XMC_CCU8_SLICE_StopConfig
                0x10002de4       0x64 ./Libraries/XMCLib/src/xmc_ccu8.o
                0x10002de4                XMC_CCU8_SLICE_StopConfig
 .text.XMC_CCU8_SLICE_LoadConfig
                0x10002e48       0x38 ./Libraries/XMCLib/src/xmc_ccu8.o
                0x10002e48                XMC_CCU8_SLICE_LoadConfig
 .text.XMC_CCU8_SLICE_LoadSelector
                0x10002e80       0x34 ./Libraries/XMCLib/src/xmc_ccu8.o
                0x10002e80                XMC_CCU8_SLICE_LoadSelector
 .text.XMC_CCU8_SLICE_ModulationConfig
                0x10002eb4       0xb0 ./Libraries/XMCLib/src/xmc_ccu8.o
                0x10002eb4                XMC_CCU8_SLICE_ModulationConfig
 .text.XMC_CCU8_SLICE_CountConfig
                0x10002f64       0x38 ./Libraries/XMCLib/src/xmc_ccu8.o
                0x10002f64                XMC_CCU8_SLICE_CountConfig
 .text.XMC_CCU8_SLICE_GateConfig
                0x10002f9c       0x38 ./Libraries/XMCLib/src/xmc_ccu8.o
                0x10002f9c                XMC_CCU8_SLICE_GateConfig
 .text.XMC_CCU8_SLICE_DirectionConfig
                0x10002fd4       0x38 ./Libraries/XMCLib/src/xmc_ccu8.o
                0x10002fd4                XMC_CCU8_SLICE_DirectionConfig
 .text.XMC_CCU8_SLICE_StatusBitOverrideConfig
                0x1000300c       0x30 ./Libraries/XMCLib/src/xmc_ccu8.o
                0x1000300c                XMC_CCU8_SLICE_StatusBitOverrideConfig
 .text.XMC_CCU8_SLICE_TrapConfig
                0x1000303c       0x8c ./Libraries/XMCLib/src/xmc_ccu8.o
                0x1000303c                XMC_CCU8_SLICE_TrapConfig
 .text.XMC_CCU8_SLICE_ConfigureStatusBitOverrideEvent
                0x100030c8       0xdc ./Libraries/XMCLib/src/xmc_ccu8.o
                0x100030c8                XMC_CCU8_SLICE_ConfigureStatusBitOverrideEvent
 .text.XMC_CCU8_SLICE_ConfigureEvent
                0x100031a4      0x11c ./Libraries/XMCLib/src/xmc_ccu8.o
                0x100031a4                XMC_CCU8_SLICE_ConfigureEvent
 .text.XMC_CCU8_SLICE_SetTimerPeriodMatch
                0x100032c0       0x1c ./Libraries/XMCLib/src/xmc_ccu8.o
                0x100032c0                XMC_CCU8_SLICE_SetTimerPeriodMatch
 .text.XMC_CCU8_SLICE_SetTimerCompareMatch
                0x100032dc       0x38 ./Libraries/XMCLib/src/xmc_ccu8.o
                0x100032dc                XMC_CCU8_SLICE_SetTimerCompareMatch
 .text.XMC_CCU8_SLICE_SetInterruptNode
                0x10003314       0xa0 ./Libraries/XMCLib/src/xmc_ccu8.o
                0x10003314                XMC_CCU8_SLICE_SetInterruptNode
 .text.XMC_CCU8_SLICE_DeadTimeInit
                0x100033b4       0x28 ./Libraries/XMCLib/src/xmc_ccu8.o
                0x100033b4                XMC_CCU8_SLICE_DeadTimeInit
 .text.XMC_ERU_ETL_Init
                0x100033dc       0x5c ./Libraries/XMCLib/src/xmc_eru.o
                0x100033dc                XMC_ERU_ETL_Init
 .text.XMC_ERU_OGU_Init
                0x10003438       0x34 ./Libraries/XMCLib/src/xmc_eru.o
                0x10003438                XMC_ERU_OGU_Init
 .text.XMC_GPIO_SetHardwareControl
                0x1000346c       0x4c ./Libraries/XMCLib/src/xmc_gpio.o
                0x1000346c                XMC_GPIO_SetHardwareControl
 .text.__aeabi_uidiv
                0x100034b8       0x2c ./Libraries/XMCLib/src/xmc_math.o
                0x100034b8                __aeabi_uidiv
 .text.__aeabi_idiv
                0x100034e4       0x2c ./Libraries/XMCLib/src/xmc_math.o
                0x100034e4                __aeabi_idiv
 .text.__aeabi_uidivmod
                0x10003510       0x58 ./Libraries/XMCLib/src/xmc_math.o
                0x10003510                __aeabi_uidivmod
 .text.XMC_USIC_CH_GetTransmitBufferStatus
                0x10003568       0x1c ./Libraries/XMCLib/src/xmc_uart.o
 .text.XMC_UART_CH_ClearStatusFlag
                0x10003584       0x18 ./Libraries/XMCLib/src/xmc_uart.o
 .text.XMC_UART_CH_Init
                0x1000359c       0xb4 ./Libraries/XMCLib/src/xmc_uart.o
                0x1000359c                XMC_UART_CH_Init
 .text.XMC_UART_CH_Transmit
                0x10003650       0x5c ./Libraries/XMCLib/src/xmc_uart.o
                0x10003650                XMC_UART_CH_Transmit
 .text.XMC_UART_CH_GetReceivedData
                0x100036ac       0x40 ./Libraries/XMCLib/src/xmc_uart.o
                0x100036ac                XMC_UART_CH_GetReceivedData
 .text.XMC_USIC_CH_Enable
                0x100036ec       0x50 ./Libraries/XMCLib/src/xmc_usic.o
                0x100036ec                XMC_USIC_CH_Enable
 .text.XMC_USIC_CH_SetBaudrate
                0x1000373c       0xec ./Libraries/XMCLib/src/xmc_usic.o
                0x1000373c                XMC_USIC_CH_SetBaudrate
 .text.XMC_USIC_CH_TXFIFO_Configure
                0x10003828       0x5c ./Libraries/XMCLib/src/xmc_usic.o
                0x10003828                XMC_USIC_CH_TXFIFO_Configure
 .text.XMC_USIC_CH_RXFIFO_Configure
                0x10003884       0x64 ./Libraries/XMCLib/src/xmc_usic.o
                0x10003884                XMC_USIC_CH_RXFIFO_Configure
 .text.XMC_USIC_CH_RXFIFO_SetSizeTriggerLimit
                0x100038e8       0x5c ./Libraries/XMCLib/src/xmc_usic.o
                0x100038e8                XMC_USIC_CH_RXFIFO_SetSizeTriggerLimit
 .text.XMC_USIC_CH_SetInterruptNodePointer
                0x10003944       0x40 ./Libraries/XMCLib/src/xmc_usic.o
                0x10003944                XMC_USIC_CH_SetInterruptNodePointer
 .text.XMC_USIC_CH_TXFIFO_SetInterruptNodePointer
                0x10003984       0x48 ./Libraries/XMCLib/src/xmc_usic.o
                0x10003984                XMC_USIC_CH_TXFIFO_SetInterruptNodePointer
 .text.XMC_USIC_CH_RXFIFO_SetInterruptNodePointer
                0x100039cc       0x48 ./Libraries/XMCLib/src/xmc_usic.o
                0x100039cc                XMC_USIC_CH_RXFIFO_SetInterruptNodePointer
 .text.XMC_USIC_Enable
                0x10003a14       0x20 ./Libraries/XMCLib/src/xmc_usic.o
                0x10003a14                XMC_USIC_Enable
 .text.XMC_VADC_GROUP_ExternalMuxControlInit
                0x10003a34       0x90 ./Libraries/XMCLib/src/xmc_vadc.o
 .text.XMC_VADC_GROUP_ScanEnableArbitrationSlot
                0x10003ac4       0x20 ./Libraries/XMCLib/src/xmc_vadc.o
 .text.XMC_VADC_GROUP_ScanDisableArbitrationSlot
                0x10003ae4       0x24 ./Libraries/XMCLib/src/xmc_vadc.o
 .text.XMC_VADC_GROUP_BackgroundEnableArbitrationSlot
                0x10003b08       0x20 ./Libraries/XMCLib/src/xmc_vadc.o
 .text.XMC_VADC_GROUP_BackgroundDisableArbitrationSlot
                0x10003b28       0x24 ./Libraries/XMCLib/src/xmc_vadc.o
 .text.XMC_VADC_GLOBAL_EnableModule
                0x10003b4c       0x18 ./Libraries/XMCLib/src/xmc_vadc.o
                0x10003b4c                XMC_VADC_GLOBAL_EnableModule
 .text.XMC_VADC_GLOBAL_Init
                0x10003b64       0x58 ./Libraries/XMCLib/src/xmc_vadc.o
                0x10003b64                XMC_VADC_GLOBAL_Init
 .text.XMC_VADC_GLOBAL_InputClassInit
                0x10003bbc       0x4c ./Libraries/XMCLib/src/xmc_vadc.o
                0x10003bbc                XMC_VADC_GLOBAL_InputClassInit
 .text.XMC_VADC_GLOBAL_StartupCalibration
                0x10003c08       0x74 ./Libraries/XMCLib/src/xmc_vadc.o
                0x10003c08                XMC_VADC_GLOBAL_StartupCalibration
 .text.XMC_VADC_GLOBAL_BackgroundSetReqSrcEventInterruptNode
                0x10003c7c       0x58 ./Libraries/XMCLib/src/xmc_vadc.o
                0x10003c7c                XMC_VADC_GLOBAL_BackgroundSetReqSrcEventInterruptNode
 .text.XMC_VADC_GROUP_Init
                0x10003cd4       0x7c ./Libraries/XMCLib/src/xmc_vadc.o
                0x10003cd4                XMC_VADC_GROUP_Init
 .text.XMC_VADC_GROUP_InputClassInit
                0x10003d50       0xd4 ./Libraries/XMCLib/src/xmc_vadc.o
                0x10003d50                XMC_VADC_GROUP_InputClassInit
 .text.XMC_VADC_GROUP_SetPowerMode
                0x10003e24       0x38 ./Libraries/XMCLib/src/xmc_vadc.o
                0x10003e24                XMC_VADC_GROUP_SetPowerMode
 .text.XMC_VADC_GROUP_SetSyncSlave
                0x10003e5c       0x40 ./Libraries/XMCLib/src/xmc_vadc.o
                0x10003e5c                XMC_VADC_GROUP_SetSyncSlave
 .text.XMC_VADC_GROUP_SetSyncMaster
                0x10003e9c       0x28 ./Libraries/XMCLib/src/xmc_vadc.o
                0x10003e9c                XMC_VADC_GROUP_SetSyncMaster
 .text.XMC_VADC_GROUP_CheckSlaveReadiness
                0x10003ec4       0x64 ./Libraries/XMCLib/src/xmc_vadc.o
                0x10003ec4                XMC_VADC_GROUP_CheckSlaveReadiness
 .text.XMC_VADC_GLOBAL_SHS_EnableAcceleratedMode
                0x10003f28       0x48 ./Libraries/XMCLib/src/xmc_vadc.o
                0x10003f28                XMC_VADC_GLOBAL_SHS_EnableAcceleratedMode
 .text.XMC_VADC_GROUP_ScanInit
                0x10003f70       0xb0 ./Libraries/XMCLib/src/xmc_vadc.o
                0x10003f70                XMC_VADC_GROUP_ScanInit
 .text.XMC_VADC_GROUP_ScanSetReqSrcEventInterruptNode
                0x10004020       0x3c ./Libraries/XMCLib/src/xmc_vadc.o
                0x10004020                XMC_VADC_GROUP_ScanSetReqSrcEventInterruptNode
 .text.XMC_VADC_GLOBAL_BackgroundInit
                0x1000405c      0x150 ./Libraries/XMCLib/src/xmc_vadc.o
                0x1000405c                XMC_VADC_GLOBAL_BackgroundInit
 .text.XMC_VADC_GROUP_ChannelInit
                0x100041ac       0xdc ./Libraries/XMCLib/src/xmc_vadc.o
                0x100041ac                XMC_VADC_GROUP_ChannelInit
 .text._init    0x10004288        0x8 ./Libraries/Newlib/syscalls.o
                0x10004288                _init
 .text.XMC_USIC_CH_EnableEvent
                0x10004290       0x1c ./Dave/Generated/UART/uart.o
 .text.XMC_USIC_CH_DisableEvent
                0x100042ac       0x20 ./Dave/Generated/UART/uart.o
 .text.XMC_USIC_CH_GetTransmitBufferStatus
                0x100042cc       0x1c ./Dave/Generated/UART/uart.o
 .text.XMC_USIC_CH_TriggerServiceRequest
                0x100042e8       0x1c ./Dave/Generated/UART/uart.o
 .text.XMC_USIC_CH_TXFIFO_EnableEvent
                0x10004304       0x28 ./Dave/Generated/UART/uart.o
 .text.XMC_USIC_CH_TXFIFO_DisableEvent
                0x1000432c       0x28 ./Dave/Generated/UART/uart.o
 .text.XMC_USIC_CH_TXFIFO_Flush
                0x10004354       0x1c ./Dave/Generated/UART/uart.o
 .text.XMC_USIC_CH_TXFIFO_IsFull
                0x10004370       0x24 ./Dave/Generated/UART/uart.o
 .text.XMC_USIC_CH_TXFIFO_IsEmpty
                0x10004394       0x24 ./Dave/Generated/UART/uart.o
 .text.XMC_USIC_CH_RXFIFO_EnableEvent
                0x100043b8       0x28 ./Dave/Generated/UART/uart.o
 .text.XMC_USIC_CH_RXFIFO_DisableEvent
                0x100043e0       0x28 ./Dave/Generated/UART/uart.o
 .text.XMC_USIC_CH_RXFIFO_Flush
                0x10004408       0x1c ./Dave/Generated/UART/uart.o
 .text.XMC_USIC_CH_RXFIFO_IsEmpty
                0x10004424       0x24 ./Dave/Generated/UART/uart.o
 .text.UART_Init
                0x10004448       0x30 ./Dave/Generated/UART/uart.o
                0x10004448                UART_Init
 .text.UART_Transmit
                0x10004478       0x4c ./Dave/Generated/UART/uart.o
                0x10004478                UART_Transmit
 .text.UART_Receive
                0x100044c4       0x4c ./Dave/Generated/UART/uart.o
                0x100044c4                UART_Receive
 .text.UART_StartTransmitIRQ
                0x10004510       0xd0 ./Dave/Generated/UART/uart.o
                0x10004510                UART_StartTransmitIRQ
 .text.UART_StartReceiveIRQ
                0x100045e0       0xc8 ./Dave/Generated/UART/uart.o
                0x100045e0                UART_StartReceiveIRQ
 .text.UART_lTransmitHandler
                0x100046a8      0x110 ./Dave/Generated/UART/uart.o
                0x100046a8                UART_lTransmitHandler
 .text.UART_lReceiveHandler
                0x100047b8      0x128 ./Dave/Generated/UART/uart.o
                0x100047b8                UART_lReceiveHandler
 .text.UART_lReconfigureRxFIFO
                0x100048e0       0x54 ./Dave/Generated/UART/uart.o
 .text.NVIC_EnableIRQ
                0x10004934       0x2c ./Dave/Generated/UART/uart_conf.o
 .text.NVIC_SetPriority
                0x10004960       0xd4 ./Dave/Generated/UART/uart_conf.o
 .text.XMC_USIC_CH_SetInputSource
                0x10004a34       0x48 ./Dave/Generated/UART/uart_conf.o
 .text.XMC_UART_CH_Start
                0x10004a7c       0x20 ./Dave/Generated/UART/uart_conf.o
 .text.Com2Host_init
                0x10004a9c       0xe8 ./Dave/Generated/UART/uart_conf.o
                0x10004a9c                Com2Host_init
 .text.USIC0_1_IRQHandler
                0x10004b84       0x14 ./Dave/Generated/UART/uart_conf.o
                0x10004b84                USIC0_1_IRQHandler
 .text.USIC0_0_IRQHandler
                0x10004b98       0x14 ./Dave/Generated/UART/uart_conf.o
                0x10004b98                USIC0_0_IRQHandler
 .text.XMC_CCU8_EnableClock
                0x10004bac       0x28 ./Dave/Generated/PWM_CCU8/pwm_ccu8.o
 .text.XMC_CCU8_SLICE_EnableTrap
                0x10004bd4       0x20 ./Dave/Generated/PWM_CCU8/pwm_ccu8.o
 .text.XMC_CCU8_SLICE_StartTimer
                0x10004bf4       0x14 ./Dave/Generated/PWM_CCU8/pwm_ccu8.o
 .text.XMC_CCU8_SLICE_GetTimerPeriodMatch
                0x10004c08       0x18 ./Dave/Generated/PWM_CCU8/pwm_ccu8.o
 .text.XMC_CCU8_EnableShadowTransfer
                0x10004c20       0x18 ./Dave/Generated/PWM_CCU8/pwm_ccu8.o
 .text.XMC_CCU8_SLICE_EnableEvent
                0x10004c38       0x2c ./Dave/Generated/PWM_CCU8/pwm_ccu8.o
 .text.XMC_CCU8_SLICE_SetShadowTransferMode
                0x10004c64       0x34 ./Dave/Generated/PWM_CCU8/pwm_ccu8.o
 .text.PWM_CCU8_Init
                0x10004c98      0x198 ./Dave/Generated/PWM_CCU8/pwm_ccu8.o
                0x10004c98                PWM_CCU8_Init
 .text.PWM_CCU8_lInit_Interrupt
                0x10004e30      0x188 ./Dave/Generated/PWM_CCU8/pwm_ccu8.o
 .text.PWM_CCU8_lInit_GPIO
                0x10004fb8       0xb8 ./Dave/Generated/PWM_CCU8/pwm_ccu8.o
 .text.PWM_CCU8_lConfigure_Events
                0x10005070      0x1d8 ./Dave/Generated/PWM_CCU8/pwm_ccu8.o
 .text.PWM_CCU8_Start
                0x10005248       0x64 ./Dave/Generated/PWM_CCU8/pwm_ccu8.o
                0x10005248                PWM_CCU8_Start
 .text.PWM_CCU8_SetFreqAsymmetric
                0x100052ac      0x198 ./Dave/Generated/PWM_CCU8/pwm_ccu8.o
                0x100052ac                PWM_CCU8_SetFreqAsymmetric
 .text.PWM_CCU8_SetDutyCycleAsymmetric
                0x10005444      0x180 ./Dave/Generated/PWM_CCU8/pwm_ccu8.o
                0x10005444                PWM_CCU8_SetDutyCycleAsymmetric
 .text.XMC_CCU4_EnableClock
                0x100055c4       0x28 ./Dave/Generated/PWM_CCU4/pwm_ccu4.o
 .text.XMC_CCU4_SLICE_EnableTrap
                0x100055ec       0x1c ./Dave/Generated/PWM_CCU4/pwm_ccu4.o
 .text.XMC_CCU4_SLICE_StartTimer
                0x10005608       0x14 ./Dave/Generated/PWM_CCU4/pwm_ccu4.o
 .text.XMC_CCU4_SLICE_SetTimerPeriodMatch
                0x1000561c       0x1c ./Dave/Generated/PWM_CCU4/pwm_ccu4.o
 .text.XMC_CCU4_SLICE_GetTimerPeriodMatch
                0x10005638       0x18 ./Dave/Generated/PWM_CCU4/pwm_ccu4.o
 .text.XMC_CCU4_SLICE_SetTimerCompareMatch
                0x10005650       0x1c ./Dave/Generated/PWM_CCU4/pwm_ccu4.o
 .text.XMC_CCU4_EnableShadowTransfer
                0x1000566c       0x18 ./Dave/Generated/PWM_CCU4/pwm_ccu4.o
 .text.XMC_CCU4_SLICE_EnableEvent
                0x10005684       0x2c ./Dave/Generated/PWM_CCU4/pwm_ccu4.o
 .text.PWM_CCU4_Init
                0x100056b0      0x168 ./Dave/Generated/PWM_CCU4/pwm_ccu4.o
                0x100056b0                PWM_CCU4_Init
 .text.PWM_CCU4_lInit_Interrupt
                0x10005818      0x134 ./Dave/Generated/PWM_CCU4/pwm_ccu4.o
 .text.PWM_CCU4_lConfigure_Events
                0x1000594c      0x1bc ./Dave/Generated/PWM_CCU4/pwm_ccu4.o
 .text.PWM_CCU4_Start
                0x10005b08       0x64 ./Dave/Generated/PWM_CCU4/pwm_ccu4.o
                0x10005b08                PWM_CCU4_Start
 .text.PWM_CCU4_SetFreq
                0x10005b6c       0xdc ./Dave/Generated/PWM_CCU4/pwm_ccu4.o
                0x10005b6c                PWM_CCU4_SetFreq
 .text.PWM_CCU4_SetDutyCycle
                0x10005c48       0x88 ./Dave/Generated/PWM_CCU4/pwm_ccu4.o
                0x10005c48                PWM_CCU4_SetDutyCycle
 .text.XMC_BCCU_StartLinearWalk
                0x10005cd0       0x24 ./Dave/Generated/PDM_BCCU/pdm_bccu.o
 .text.PDM_BCCU_Init
                0x10005cf4      0x12c ./Dave/Generated/PDM_BCCU/pdm_bccu.o
                0x10005cf4                PDM_BCCU_Init
 .text.NVIC_EnableIRQ
                0x10005e20       0x2c ./Dave/Generated/INTERRUPT/interrupt.o
 .text.NVIC_SetPriority
                0x10005e4c       0xd4 ./Dave/Generated/INTERRUPT/interrupt.o
 .text.INTERRUPT_Enable
                0x10005f20       0x1c ./Dave/Generated/INTERRUPT/interrupt.o
 .text.INTERRUPT_Init
                0x10005f3c       0x34 ./Dave/Generated/INTERRUPT/interrupt.o
                0x10005f3c                INTERRUPT_Init
 .text.XMC_CCU8_StartPrescaler
                0x10005f70       0x1c ./Dave/Generated/GLOBAL_CCU8/global_ccu8.o
 .text.GLOBAL_CCU8_Init
                0x10005f8c       0x40 ./Dave/Generated/GLOBAL_CCU8/global_ccu8.o
                0x10005f8c                GLOBAL_CCU8_Init
 .text.XMC_CCU4_StartPrescaler
                0x10005fcc       0x1c ./Dave/Generated/GLOBAL_CCU4/global_ccu4.o
 .text.GLOBAL_CCU4_Init
                0x10005fe8       0x40 ./Dave/Generated/GLOBAL_CCU4/global_ccu4.o
                0x10005fe8                GLOBAL_CCU4_Init
 .text.XMC_BCCU_EnableInterrupt
                0x10006028       0x1c ./Dave/Generated/GLOBAL_BCCU/global_bccu.o
 .text.GLOBAL_BCCU_Init
                0x10006044       0x84 ./Dave/Generated/GLOBAL_BCCU/global_bccu.o
                0x10006044                GLOBAL_BCCU_Init
 .text.XMC_VADC_GLOBAL_DisablePostCalibration
                0x100060c8       0x28 ./Dave/Generated/GLOBAL_ADC/global_adc.o
 .text.XMC_VADC_GLOBAL_SHS_SetClockDivider
                0x100060f0       0x40 ./Dave/Generated/GLOBAL_ADC/global_adc.o
 .text.GLOBAL_ADC_Init
                0x10006130       0xd0 ./Dave/Generated/GLOBAL_ADC/global_adc.o
                0x10006130                GLOBAL_ADC_Init
 .text.GLOBAL_ACMP_Init
                0x10006200       0x2c ./Dave/Generated/GLOBAL_ACMP/global_acmp.o
                0x10006200                GLOBAL_ACMP_Init
 .text.XMC_ACMP_ClearLowPowerMode
                0x1000622c       0x28 ./Dave/Generated/GLOBAL_ACMP/global_acmp_conf.o
 .text.XMC_FLASH_SetHardReadLevel
                0x10006254       0x40 ./Dave/Generated/E_EEPROM_XMC1/e_eeprom_xmc1.o
 .text.E_EEPROM_XMC1_Init
                0x10006294      0x128 ./Dave/Generated/E_EEPROM_XMC1/e_eeprom_xmc1.o
                0x10006294                E_EEPROM_XMC1_Init
 .text.E_EEPROM_XMC1_Write
                0x100063bc       0x54 ./Dave/Generated/E_EEPROM_XMC1/e_eeprom_xmc1.o
                0x100063bc                E_EEPROM_XMC1_Write
 .text.E_EEPROM_XMC1_Read
                0x10006410       0xe0 ./Dave/Generated/E_EEPROM_XMC1/e_eeprom_xmc1.o
                0x10006410                E_EEPROM_XMC1_Read
 .text.E_EEPROM_XMC1_lInitGc
                0x100064f0       0xa4 ./Dave/Generated/E_EEPROM_XMC1/e_eeprom_xmc1.o
 .text.E_EEPROM_XMC1_lInitllegalStateMachine
                0x10006594       0x38 ./Dave/Generated/E_EEPROM_XMC1/e_eeprom_xmc1.o
 .text.E_EEPROM_XMC1_lInitDirtyStateMachine
                0x100065cc       0xa8 ./Dave/Generated/E_EEPROM_XMC1/e_eeprom_xmc1.o
 .text.E_EEPROM_XMC1_lInitNormalStateMachine
                0x10006674       0x24 ./Dave/Generated/E_EEPROM_XMC1/e_eeprom_xmc1.o
 .text.E_EEPROM_XMC1_lInitBank0NormalStateMachine
                0x10006698       0x98 ./Dave/Generated/E_EEPROM_XMC1/e_eeprom_xmc1.o
 .text.E_EEPROM_XMC1_lInitBank1NormalStateMachine
                0x10006730       0x98 ./Dave/Generated/E_EEPROM_XMC1/e_eeprom_xmc1.o
 .text.E_EEPROM_XMC1_lInitOtherNormalStateMachine
                0x100067c8       0x9c ./Dave/Generated/E_EEPROM_XMC1/e_eeprom_xmc1.o
 .text.E_EEPROM_XMC1_lInitGcNormalStates
                0x10006864       0x60 ./Dave/Generated/E_EEPROM_XMC1/e_eeprom_xmc1.o
 .text.E_EEPROM_XMC1_lInitGcDataCopyState
                0x100068c4       0x78 ./Dave/Generated/E_EEPROM_XMC1/e_eeprom_xmc1.o
 .text.E_EEPROM_XMC1_lErasedDirtyStateRecovery
                0x1000693c       0x74 ./Dave/Generated/E_EEPROM_XMC1/e_eeprom_xmc1.o
 .text.E_EEPROM_XMC1_lCopyProcessDirtyStateRecovery
                0x100069b0       0x80 ./Dave/Generated/E_EEPROM_XMC1/e_eeprom_xmc1.o
 .text.E_EEPROM_XMC1_lGarbageCollection
                0x10006a30       0xa0 ./Dave/Generated/E_EEPROM_XMC1/e_eeprom_xmc1.o
 .text.E_EEPROM_XMC1_lHandleGcRequested
                0x10006ad0       0x88 ./Dave/Generated/E_EEPROM_XMC1/e_eeprom_xmc1.o
 .text.E_EEPROM_XMC1_lHandleGcStartCopy
                0x10006b58       0xd4 ./Dave/Generated/E_EEPROM_XMC1/e_eeprom_xmc1.o
 .text.E_EEPROM_XMC1_lHandleGcCopyWrite
                0x10006c2c       0xec ./Dave/Generated/E_EEPROM_XMC1/e_eeprom_xmc1.o
 .text.E_EEPROM_XMC1_lHandleGcEndOfCopy
                0x10006d18       0x58 ./Dave/Generated/E_EEPROM_XMC1/e_eeprom_xmc1.o
 .text.E_EEPROM_XMC1_lHandleGcOtherStates
                0x10006d70       0x7c ./Dave/Generated/E_EEPROM_XMC1/e_eeprom_xmc1.o
 .text.E_EEPROM_XMC1_lPrepareDFlash
                0x10006dec      0x100 ./Dave/Generated/E_EEPROM_XMC1/e_eeprom_xmc1.o
 .text.E_EEPROM_XMC1_lUpdateCache
                0x10006eec       0xf8 ./Dave/Generated/E_EEPROM_XMC1/e_eeprom_xmc1.o
 .text.E_EEPROM_XMC1_lCacheEmptyBlkEval
                0x10006fe4       0xbc ./Dave/Generated/E_EEPROM_XMC1/e_eeprom_xmc1.o
 .text.E_EEPROM_XMC1_lEvalBlockStatus
                0x100070a0      0x138 ./Dave/Generated/E_EEPROM_XMC1/e_eeprom_xmc1.o
 .text.E_EEPROM_XMC1_lUpdateCacheBlockRead
                0x100071d8       0x48 ./Dave/Generated/E_EEPROM_XMC1/e_eeprom_xmc1.o
 .text.E_EEPROM_XMC1_lGetUsrBlockIndex
                0x10007220       0x60 ./Dave/Generated/E_EEPROM_XMC1/e_eeprom_xmc1.o
 .text.E_EEPROM_XMC1_lGetDFLASHPhysicalBlocks
                0x10007280       0x3c ./Dave/Generated/E_EEPROM_XMC1/e_eeprom_xmc1.o
 .text.E_EEPROM_XMC1_lGetFreeDFLASHBlocks
                0x100072bc       0x48 ./Dave/Generated/E_EEPROM_XMC1/e_eeprom_xmc1.o
 .text.E_EEPROM_XMC1_lUpdateCurrBankInfo
                0x10007304       0x6c ./Dave/Generated/E_EEPROM_XMC1/e_eeprom_xmc1.o
 .text.E_EEPROM_XMC1_lReadMarkerBlocks
                0x10007370       0x8c ./Dave/Generated/E_EEPROM_XMC1/e_eeprom_xmc1.o
 .text.E_EEPROM_XMC1_lReadVerifyMarker
                0x100073fc       0xb8 ./Dave/Generated/E_EEPROM_XMC1/e_eeprom_xmc1.o
 .text.E_EEPROM_XMC1_lSetMarkerBlockBuffer
                0x100074b4       0x3c ./Dave/Generated/E_EEPROM_XMC1/e_eeprom_xmc1.o
 .text.E_EEPROM_XMC1_lSetMarkerPageBuffer
                0x100074f0       0x88 ./Dave/Generated/E_EEPROM_XMC1/e_eeprom_xmc1.o
 .text.E_EEPROM_XMC1_lEraseBank
                0x10007578       0x54 ./Dave/Generated/E_EEPROM_XMC1/e_eeprom_xmc1.o
 .text.E_EEPROM_XMC1_lGCWrite
                0x100075cc       0x38 ./Dave/Generated/E_EEPROM_XMC1/e_eeprom_xmc1.o
 .text.E_EEPROM_XMC1_lLocalWrite
                0x10007604      0x104 ./Dave/Generated/E_EEPROM_XMC1/e_eeprom_xmc1.o
 .text.E_EEPROM_XMC1_lHandleWriteReq
                0x10007708      0x160 ./Dave/Generated/E_EEPROM_XMC1/e_eeprom_xmc1.o
 .text.E_EEPROM_XMC1_lHandleInvalidReq
                0x10007868       0xac ./Dave/Generated/E_EEPROM_XMC1/e_eeprom_xmc1.o
 .text.E_EEPROM_XMC1_lPopulateFirstBlock
                0x10007914       0xc4 ./Dave/Generated/E_EEPROM_XMC1/e_eeprom_xmc1.o
 .text.E_EEPROM_XMC1_lPopulateNextBlock
                0x100079d8       0xb0 ./Dave/Generated/E_EEPROM_XMC1/e_eeprom_xmc1.o
 .text.E_EEPROM_XMC1_lWriteDataBlock
                0x10007a88       0x4c ./Dave/Generated/E_EEPROM_XMC1/e_eeprom_xmc1.o
 .text.E_EEPROM_XMC1_lReadBlockContents
                0x10007ad4       0xf8 ./Dave/Generated/E_EEPROM_XMC1/e_eeprom_xmc1.o
 .text.E_EEPROM_XMC1_lWriteSingleBlock
                0x10007bcc       0x20 ./Dave/Generated/E_EEPROM_XMC1/e_eeprom_xmc1.o
 .text.E_EEPROM_XMC1_lReadSingleBlock
                0x10007bec       0x20 ./Dave/Generated/E_EEPROM_XMC1/e_eeprom_xmc1.o
 .text.E_EEPROM_XMC1_lWriteSinglePage
                0x10007c0c       0x1c ./Dave/Generated/E_EEPROM_XMC1/e_eeprom_xmc1.o
 .text.E_EEPROM_XMC1_lEraseSinglePage
                0x10007c28       0x18 ./Dave/Generated/E_EEPROM_XMC1/e_eeprom_xmc1.o
 .text.E_EEPROM_XMC1_lGetFlashStatus
                0x10007c40       0x18 ./Dave/Generated/E_EEPROM_XMC1/e_eeprom_xmc1.o
 .text.EVENT_GENERATOR_Init
                0x10007c58       0x3c ./Dave/Generated/EVENT_GENERATOR/event_generator.o
                0x10007c58                EVENT_GENERATOR_Init
 .text.EVENT_DETECTOR_Init
                0x10007c94       0x3c ./Dave/Generated/EVENT_DETECTOR/event_detector.o
                0x10007c94                EVENT_DETECTOR_Init
 .text.DIGITAL_IO_Init
                0x10007cd0       0x40 ./Dave/Generated/DIGITAL_IO/digital_io.o
                0x10007cd0                DIGITAL_IO_Init
 .text.SystemCoreSetup
                0x10007d10        0x8 ./Dave/Generated/CPU_CTRL_XMC1/cpu_ctrl_xmc1_conf.o
                0x10007d10                SystemCoreSetup
 .text.CLOCK_XMC1_Init
                0x10007d18       0x84 ./Dave/Generated/CLOCK_XMC1/clock_xmc1.o
                0x10007d18                CLOCK_XMC1_Init
 .text.SystemCoreClockSetup
                0x10007d9c       0x20 ./Dave/Generated/CLOCK_XMC1/clock_xmc1_conf.o
                0x10007d9c                SystemCoreClockSetup
 .text.NVIC_EnableIRQ
                0x10007dbc       0x2c ./Dave/Generated/ADC_SCAN/adc_scan.o
 .text.NVIC_SetPriority
                0x10007de8       0xd4 ./Dave/Generated/ADC_SCAN/adc_scan.o
 .text.XMC_VADC_GROUP_ScanSetGatingMode
                0x10007ebc       0x44 ./Dave/Generated/ADC_SCAN/adc_scan.o
 .text.XMC_VADC_GROUP_ScanAddChannelToSequence
                0x10007f00       0x2c ./Dave/Generated/ADC_SCAN/adc_scan.o
 .text.ADC_SCAN_Init
                0x10007f2c       0xc0 ./Dave/Generated/ADC_SCAN/adc_scan.o
                0x10007f2c                ADC_SCAN_Init
 .text.ADC_SCAN_ResetListContents
                0x10007fec       0x44 ./Dave/Generated/ADC_SCAN/adc_scan.o
                0x10007fec                ADC_SCAN_ResetListContents
 .text.ADC_SCAN_InsertScanEntry
                0x10008030       0xd4 ./Dave/Generated/ADC_SCAN/adc_scan.o
                0x10008030                ADC_SCAN_InsertScanEntry
 .text.ADC_SCAN_AllEntriesInserted
                0x10008104       0x5c ./Dave/Generated/ADC_SCAN/adc_scan.o
                0x10008104                ADC_SCAN_AllEntriesInserted
 .text.ADC_SCAN_lInitializeListToDefaults
                0x10008160       0x34 ./Dave/Generated/ADC_SCAN/adc_scan_conf.o
                0x10008160                ADC_SCAN_lInitializeListToDefaults
 .text.XMC_VADC_GROUP_ScanEnableArbitrationSlot
                0x10008194       0x20 ./Dave/Generated/ADC_MEASUREMENT_ADV/adc_measurement_adv.o
 .text.XMC_VADC_GROUP_ScanDisableArbitrationSlot
                0x100081b4       0x24 ./Dave/Generated/ADC_MEASUREMENT_ADV/adc_measurement_adv.o
 .text.XMC_VADC_GROUP_ScanIsArbitrationSlotEnabled
                0x100081d8       0x24 ./Dave/Generated/ADC_MEASUREMENT_ADV/adc_measurement_adv.o
 .text.XMC_VADC_GROUP_ResultInit
                0x100081fc       0x20 ./Dave/Generated/ADC_MEASUREMENT_ADV/adc_measurement_adv.o
 .text.ADC_MEASUREMENT_ADV_lInsertEntry
                0x1000821c       0x30 ./Dave/Generated/ADC_MEASUREMENT_ADV/adc_measurement_adv.o
 .text.ADC_MEASUREMENT_ADV_lRequestSrcInit
                0x1000824c       0x28 ./Dave/Generated/ADC_MEASUREMENT_ADV/adc_measurement_adv.o
 .text.ADC_MEASUREMENT_ADV_lArbitrationStatus
                0x10008274       0x6c ./Dave/Generated/ADC_MEASUREMENT_ADV/adc_measurement_adv.o
 .text.ADC_MEASUREMENT_ADV_lDisableArbitration
                0x100082e0       0x38 ./Dave/Generated/ADC_MEASUREMENT_ADV/adc_measurement_adv.o
 .text.ADC_MEASUREMENT_ADV_lInsertChannels
                0x10008318       0x18 ./Dave/Generated/ADC_MEASUREMENT_ADV/adc_measurement_adv.o
                0x10008318                ADC_MEASUREMENT_ADV_lInsertChannels
 .text.ADC_MEASUREMENT_ADV_lSyncADCClocks
                0x10008330       0x7c ./Dave/Generated/ADC_MEASUREMENT_ADV/adc_measurement_adv.o
                0x10008330                ADC_MEASUREMENT_ADV_lSyncADCClocks
 .text.ADC_MEASUREMENT_ADV_StartADC
                0x100083ac       0x24 ./Dave/Generated/ADC_MEASUREMENT_ADV/adc_measurement_adv.o
                0x100083ac                ADC_MEASUREMENT_ADV_StartADC
 .text.ADC_MEASUREMENT_ADC_lNvicEnable
                0x100083d0       0x10 ./Dave/Generated/ADC_MEASUREMENT_ADV/adc_measurement_adv.o
                0x100083d0                ADC_MEASUREMENT_ADC_lNvicEnable
 .text.ADC_MEASUREMENT_ADC_lResultInit
                0x100083e0       0x38 ./Dave/Generated/ADC_MEASUREMENT_ADV/adc_measurement_adv.o
 .text.ADC_MEASUREMENT_ADV_Init
                0x10008418      0x128 ./Dave/Generated/ADC_MEASUREMENT_ADV/adc_measurement_adv.o
                0x10008418                ADC_MEASUREMENT_ADV_Init
 .text.NVIC_EnableIRQ
                0x10008540       0x2c ./Dave/Generated/ADC_MEASUREMENT/adc_measurement.o
 .text.NVIC_SetPriority
                0x1000856c       0xd4 ./Dave/Generated/ADC_MEASUREMENT/adc_measurement.o
 .text.XMC_VADC_GLOBAL_BackgroundTriggerConversion
                0x10008640       0x28 ./Dave/Generated/ADC_MEASUREMENT/adc_measurement.o
 .text.XMC_VADC_GLOBAL_BackgroundAddChannelToSequence
                0x10008668       0x34 ./Dave/Generated/ADC_MEASUREMENT/adc_measurement.o
 .text.XMC_VADC_GROUP_ResultInit
                0x1000869c       0x20 ./Dave/Generated/ADC_MEASUREMENT/adc_measurement.o
 .text.XMC_VADC_GROUP_GetResult
                0x100086bc       0x20 ./Dave/Generated/ADC_MEASUREMENT/adc_measurement.o
 .text.ADC_MEASUREMENT_Init
                0x100086dc      0x158 ./Dave/Generated/ADC_MEASUREMENT/adc_measurement.o
                0x100086dc                ADC_MEASUREMENT_Init
 .text.ADC_MEASUREMENT_StartConversion
                0x10008834       0x1c ./Dave/Generated/ADC_MEASUREMENT/adc_measurement.o
                0x10008834                ADC_MEASUREMENT_StartConversion
 .text.ADC_MEASUREMENT_GetResult
                0x10008850       0x38 ./Dave/Generated/ADC_MEASUREMENT/adc_measurement.o
                0x10008850                ADC_MEASUREMENT_GetResult
 .text.ACMP_CONFIG_Init
                0x10008888       0x4c ./Dave/Generated/ACMP_CONFIG/acmp_config.o
                0x10008888                ACMP_CONFIG_Init
 .text.XMC_ACMP_EnableComparator
                0x100088d4       0x38 ./Dave/Generated/ACMP_CONFIG/acmp_config_conf.o
 .text.ACMPSin_lInit
                0x1000890c       0x28 ./Dave/Generated/ACMP_CONFIG/acmp_config_conf.o
                0x1000890c                ACMPSin_lInit
 .text.ACMPCos_lInit
                0x10008934       0x28 ./Dave/Generated/ACMP_CONFIG/acmp_config_conf.o
                0x10008934                ACMPCos_lInit
 .text.DAVE_Init
                0x1000895c      0x384 ./Dave/Generated/DAVE.o
                0x1000895c                DAVE_Init
 .text.sqrt_5   0x10008ce0       0x5c ./XMC1000_tseRoutine.o
                0x10008ce0                sqrt_5
 .text.XMC1000_CalcTemperature
                0x10008d3c      0x168 ./XMC1000_tseRoutine.o
                0x10008d3c                XMC1000_CalcTemperature
 .text.XMC_GPIO_SetOutputHigh
                0x10008ea4       0x20 ./main.o
 .text.XMC_GPIO_SetOutputLow
                0x10008ec4       0x24 ./main.o
 .text.XMC_GPIO_ToggleOutput
                0x10008ee8       0x24 ./main.o
 .text.XMC_GPIO_GetInput
                0x10008f0c       0x28 ./main.o
 .text.DIGITAL_IO_SetOutputHigh
                0x10008f34       0x20 ./main.o
 .text.DIGITAL_IO_SetOutputLow
                0x10008f54       0x20 ./main.o
 .text.DIGITAL_IO_ToggleOutput
                0x10008f74       0x20 ./main.o
 .text.DIGITAL_IO_GetInput
                0x10008f94       0x24 ./main.o
 .text.XMC_SCU_IsTempMeasurementDone
                0x10008fb8       0x20 ./main.o
 .text.XMC_USIC_CH_TXFIFO_Flush
                0x10008fd8       0x1c ./main.o
 .text.XMC_USIC_CH_RXFIFO_Flush
                0x10008ff4       0x1c ./main.o
 .text.XMC_VADC_GROUP_GetResult
                0x10009010       0x20 ./main.o
 .text.ADC_MEASUREMENT_ADV_GetResult
                0x10009030       0x44 ./main.o
 .text.main     0x10009074     0x16bc ./main.o
                0x10009074                main
 .text.DoTransmission
                0x1000a730       0xa4 ./main.o
                0x1000a730                DoTransmission
 .text.SysTick_Handler
                0x1000a7d4      0x35c ./main.o
                0x1000a7d4                SysTick_Handler
 .text.BCCU0_0_IRQHandler
                0x1000ab30       0x1c ./main.o
                0x1000ab30                BCCU0_0_IRQHandler
 .text.StepDetected_Fkt
                0x1000ab4c      0x740 ./main.o
                0x1000ab4c                StepDetected_Fkt
 .text.ISR_UART_RxFinished
                0x1000b28c       0x18 ./main.o
                0x1000b28c                ISR_UART_RxFinished
 .text.cos      0x1000b2a4       0x9c c:/davev4/dave-4.3.2/eclipse/arm-gcc-49/bin/../lib/gcc/arm-none-eabi/4.9.3/../../../../arm-none-eabi/lib/armv6-m\libm.a(lib_a-s_cos.o)
                0x1000b2a4                cos
 .text.sin      0x1000b340       0xa0 c:/davev4/dave-4.3.2/eclipse/arm-gcc-49/bin/../lib/gcc/arm-none-eabi/4.9.3/../../../../arm-none-eabi/lib/armv6-m\libm.a(lib_a-s_sin.o)
                0x1000b340                sin
 .text.__ieee754_rem_pio2
                0x1000b3e0      0x430 c:/davev4/dave-4.3.2/eclipse/arm-gcc-49/bin/../lib/gcc/arm-none-eabi/4.9.3/../../../../arm-none-eabi/lib/armv6-m\libm.a(lib_a-e_rem_pio2.o)
                0x1000b3e0                __ieee754_rem_pio2
 .text.__kernel_cos
                0x1000b810      0x234 c:/davev4/dave-4.3.2/eclipse/arm-gcc-49/bin/../lib/gcc/arm-none-eabi/4.9.3/../../../../arm-none-eabi/lib/armv6-m\libm.a(lib_a-k_cos.o)
                0x1000b810                __kernel_cos
 .text.__kernel_rem_pio2
                0x1000ba44      0x890 c:/davev4/dave-4.3.2/eclipse/arm-gcc-49/bin/../lib/gcc/arm-none-eabi/4.9.3/../../../../arm-none-eabi/lib/armv6-m\libm.a(lib_a-k_rem_pio2.o)
                0x1000ba44                __kernel_rem_pio2
 .text.__kernel_sin
                0x1000c2d4      0x160 c:/davev4/dave-4.3.2/eclipse/arm-gcc-49/bin/../lib/gcc/arm-none-eabi/4.9.3/../../../../arm-none-eabi/lib/armv6-m\libm.a(lib_a-k_sin.o)
                0x1000c2d4                __kernel_sin
 .text.fabs     0x1000c434        0x8 c:/davev4/dave-4.3.2/eclipse/arm-gcc-49/bin/../lib/gcc/arm-none-eabi/4.9.3/../../../../arm-none-eabi/lib/armv6-m\libm.a(lib_a-s_fabs.o)
                0x1000c434                fabs
 .text.floor    0x1000c43c      0x14c c:/davev4/dave-4.3.2/eclipse/arm-gcc-49/bin/../lib/gcc/arm-none-eabi/4.9.3/../../../../arm-none-eabi/lib/armv6-m\libm.a(lib_a-s_floor.o)
                0x1000c43c                floor
 .text.scalbn   0x1000c588       0xf8 c:/davev4/dave-4.3.2/eclipse/arm-gcc-49/bin/../lib/gcc/arm-none-eabi/4.9.3/../../../../arm-none-eabi/lib/armv6-m\libm.a(lib_a-s_scalbn.o)
                0x1000c588                scalbn
 .text.copysign
                0x1000c680       0x10 c:/davev4/dave-4.3.2/eclipse/arm-gcc-49/bin/../lib/gcc/arm-none-eabi/4.9.3/../../../../arm-none-eabi/lib/armv6-m\libm.a(lib_a-s_copysign.o)
                0x1000c680                copysign
 .text          0x1000c690       0x7c c:/davev4/dave-4.3.2/eclipse/arm-gcc-49/bin/../lib/gcc/arm-none-eabi/4.9.3/armv6-m\libgcc.a(_arm_cmpdf2.o)
                0x1000c690                __aeabi_cdrcmple
                0x1000c6a0                __aeabi_cdcmple
                0x1000c6a0                __aeabi_cdcmpeq
                0x1000c6b0                __aeabi_dcmpeq
                0x1000c6bc                __aeabi_dcmplt
                0x1000c6d0                __aeabi_dcmple
                0x1000c6e4                __aeabi_dcmpgt
                0x1000c6f8                __aeabi_dcmpge
 .text          0x1000c70c       0x74 c:/davev4/dave-4.3.2/eclipse/arm-gcc-49/bin/../lib/gcc/arm-none-eabi/4.9.3/armv6-m\libgcc.a(_arm_cmpsf2.o)
                0x1000c70c                __aeabi_cfrcmple
                0x1000c714                __aeabi_cfcmpeq
                0x1000c714                __aeabi_cfcmple
                0x1000c724                __aeabi_fcmpeq
                0x1000c730                __aeabi_fcmplt
                0x1000c744                __aeabi_fcmple
                0x1000c758                __aeabi_fcmpgt
                0x1000c76c                __aeabi_fcmpge
 .text          0x1000c780       0x3c c:/davev4/dave-4.3.2/eclipse/arm-gcc-49/bin/../lib/gcc/arm-none-eabi/4.9.3/armv6-m\libgcc.a(_fixunsdfsi.o)
                0x1000c780                __aeabi_d2uiz
                0x1000c780                __fixunsdfsi
 .text          0x1000c7bc      0x2f8 c:/davev4/dave-4.3.2/eclipse/arm-gcc-49/bin/../lib/gcc/arm-none-eabi/4.9.3/armv6-m\libgcc.a(addsf3.o)
                0x1000c7bc                __aeabi_fadd
 .text          0x1000cab4       0x54 c:/davev4/dave-4.3.2/eclipse/arm-gcc-49/bin/../lib/gcc/arm-none-eabi/4.9.3/armv6-m\libgcc.a(eqsf2.o)
                0x1000cab4                __eqsf2
                0x1000cab4                __nesf2
 .text          0x1000cb08       0x94 c:/davev4/dave-4.3.2/eclipse/arm-gcc-49/bin/../lib/gcc/arm-none-eabi/4.9.3/armv6-m\libgcc.a(gesf2.o)
                0x1000cb08                __gesf2
                0x1000cb08                __gtsf2
 .text          0x1000cb9c       0x8c c:/davev4/dave-4.3.2/eclipse/arm-gcc-49/bin/../lib/gcc/arm-none-eabi/4.9.3/armv6-m\libgcc.a(lesf2.o)
                0x1000cb9c                __ltsf2
                0x1000cb9c                __lesf2
 .text          0x1000cc28       0x90 c:/davev4/dave-4.3.2/eclipse/arm-gcc-49/bin/../lib/gcc/arm-none-eabi/4.9.3/armv6-m\libgcc.a(floatsisf.o)
                0x1000cc28                __aeabi_i2f
 .text          0x1000ccb8       0x90 c:/davev4/dave-4.3.2/eclipse/arm-gcc-49/bin/../lib/gcc/arm-none-eabi/4.9.3/armv6-m\libgcc.a(floatunsisf.o)
                0x1000ccb8                __aeabi_ui2f
 .text          0x1000cd48      0x650 c:/davev4/dave-4.3.2/eclipse/arm-gcc-49/bin/../lib/gcc/arm-none-eabi/4.9.3/armv6-m\libgcc.a(adddf3.o)
                0x1000cd48                __aeabi_dadd
 .text          0x1000d398      0x648 c:/davev4/dave-4.3.2/eclipse/arm-gcc-49/bin/../lib/gcc/arm-none-eabi/4.9.3/armv6-m\libgcc.a(divdf3.o)
                0x1000d398                __aeabi_ddiv
 .text          0x1000d9e0       0x88 c:/davev4/dave-4.3.2/eclipse/arm-gcc-49/bin/../lib/gcc/arm-none-eabi/4.9.3/armv6-m\libgcc.a(eqdf2.o)
                0x1000d9e0                __nedf2
                0x1000d9e0                __eqdf2
 .text          0x1000da68       0xe0 c:/davev4/dave-4.3.2/eclipse/arm-gcc-49/bin/../lib/gcc/arm-none-eabi/4.9.3/armv6-m\libgcc.a(gedf2.o)
                0x1000da68                __gedf2
                0x1000da68                __gtdf2
 .text          0x1000db48       0xcc c:/davev4/dave-4.3.2/eclipse/arm-gcc-49/bin/../lib/gcc/arm-none-eabi/4.9.3/armv6-m\libgcc.a(ledf2.o)
                0x1000db48                __ledf2
                0x1000db48                __ltdf2
 .text          0x1000dc14      0x534 c:/davev4/dave-4.3.2/eclipse/arm-gcc-49/bin/../lib/gcc/arm-none-eabi/4.9.3/armv6-m\libgcc.a(muldf3.o)
                0x1000dc14                __aeabi_dmul
 .text          0x1000e148      0x6f4 c:/davev4/dave-4.3.2/eclipse/arm-gcc-49/bin/../lib/gcc/arm-none-eabi/4.9.3/armv6-m\libgcc.a(subdf3.o)
                0x1000e148                __aeabi_dsub
 .text          0x1000e83c       0x6c c:/davev4/dave-4.3.2/eclipse/arm-gcc-49/bin/../lib/gcc/arm-none-eabi/4.9.3/armv6-m\libgcc.a(fixdfsi.o)
                0x1000e83c                __aeabi_d2iz
 .text          0x1000e8a8       0x78 c:/davev4/dave-4.3.2/eclipse/arm-gcc-49/bin/../lib/gcc/arm-none-eabi/4.9.3/armv6-m\libgcc.a(floatsidf.o)
                0x1000e8a8                __aeabi_i2d
 .text          0x1000e920       0xa8 c:/davev4/dave-4.3.2/eclipse/arm-gcc-49/bin/../lib/gcc/arm-none-eabi/4.9.3/armv6-m\libgcc.a(extendsfdf2.o)
                0x1000e920                __aeabi_f2d
 .text          0x1000e9c8      0x120 c:/davev4/dave-4.3.2/eclipse/arm-gcc-49/bin/../lib/gcc/arm-none-eabi/4.9.3/armv6-m\libgcc.a(truncdfsf2.o)
                0x1000e9c8                __aeabi_d2f
 .text          0x1000eae8       0x3c c:/davev4/dave-4.3.2/eclipse/arm-gcc-49/bin/../lib/gcc/arm-none-eabi/4.9.3/armv6-m\libgcc.a(_clzsi2.o)
                0x1000eae8                __clzsi2
 .text.__libc_init_array
                0x1000eb24       0x4c c:/davev4/dave-4.3.2/eclipse/arm-gcc-49/bin/../lib/gcc/arm-none-eabi/4.9.3/../../../../arm-none-eabi/lib/armv6-m\libg_nano.a(lib_a-init.o)
                0x1000eb24                __libc_init_array
 .text.memcpy   0x1000eb70       0x12 c:/davev4/dave-4.3.2/eclipse/arm-gcc-49/bin/../lib/gcc/arm-none-eabi/4.9.3/../../../../arm-none-eabi/lib/armv6-m\libg_nano.a(lib_a-memcpy.o)
                0x1000eb70                memcpy
 .text.memset   0x1000eb82       0x10 c:/davev4/dave-4.3.2/eclipse/arm-gcc-49/bin/../lib/gcc/arm-none-eabi/4.9.3/../../../../arm-none-eabi/lib/armv6-m\libg_nano.a(lib_a-memset.o)
                0x1000eb82                memset
 *(.init)
 *(.fini)
 *crtbegin.o(.ctors)
 *crtbegin?.o(.ctors)
 *(EXCLUDE_FILE(*crtend.o *crtend?.o) .ctors)
 *(SORT(.ctors.*))
 *(.ctors)
 *crtbegin.o(.dtors)
 *crtbegin?.o(.dtors)
 *(EXCLUDE_FILE(*crtend.o *crtend?.o) .dtors)
 *(SORT(.dtors.*))
 *(.dtors)
 *(.rodata .rodata.*)
 *fill*         0x1000eb92        0x2 
 .rodata.ProbeScope_SampleCh
                0x1000eb94       0x1c ./ProbeScope/probe_scope.o
 .rodata.ProbeScope_IsTrig
                0x1000ebb0       0x38 ./ProbeScope/probe_scope.o
 .rodata.XMC_CCU4_SLICE_SetInterruptNode
                0x1000ebe8       0x28 ./Libraries/XMCLib/src/xmc_ccu4.o
 .rodata.XMC_CCU8_SLICE_SetInterruptNode
                0x1000ec10       0x28 ./Libraries/XMCLib/src/xmc_ccu8.o
 .rodata.g_xmc_vadc_group_array
                0x1000ec38        0x8 ./Libraries/XMCLib/src/xmc_vadc.o
 .rodata.Com2Host_channel_config
                0x1000ec40        0xc ./Dave/Generated/UART/uart_conf.o
                0x1000ec40                Com2Host_channel_config
 .rodata.Com2Host_tx_pin_config
                0x1000ec4c        0x8 ./Dave/Generated/UART/uart_conf.o
                0x1000ec4c                Com2Host_tx_pin_config
 .rodata.Com2Host_tx_pin
                0x1000ec54        0xc ./Dave/Generated/UART/uart_conf.o
                0x1000ec54                Com2Host_tx_pin
 .rodata.Com2Host_config
                0x1000ec60       0x30 ./Dave/Generated/UART/uart_conf.o
                0x1000ec60                Com2Host_config
 .rodata.Com2Host_rx_pin_config
                0x1000ec90        0x8 ./Dave/Generated/UART/uart_conf.o
                0x1000ec90                Com2Host_rx_pin_config
 .rodata.PWMOutSin_timer_handle
                0x1000ec98       0x10 ./Dave/Generated/PWM_CCU8/pwm_ccu8_conf.o
                0x1000ec98                PWMOutSin_timer_handle
 .rodata.PWMOutSin_event0_config
                0x1000eca8        0x4 ./Dave/Generated/PWM_CCU8/pwm_ccu8_conf.o
                0x1000eca8                PWMOutSin_event0_config
 .rodata.PWMOutSin_event1_config
                0x1000ecac        0x4 ./Dave/Generated/PWM_CCU8/pwm_ccu8_conf.o
                0x1000ecac                PWMOutSin_event1_config
 .rodata.PWMOutSin_event2_config
                0x1000ecb0        0x4 ./Dave/Generated/PWM_CCU8/pwm_ccu8_conf.o
                0x1000ecb0                PWMOutSin_event2_config
 .rodata.PWMOutSin_dt_config
                0x1000ecb4        0xc ./Dave/Generated/PWM_CCU8/pwm_ccu8_conf.o
                0x1000ecb4                PWMOutSin_dt_config
 .rodata.PWMOutSin_ch1_out0_config
                0x1000ecc0        0x8 ./Dave/Generated/PWM_CCU8/pwm_ccu8_conf.o
                0x1000ecc0                PWMOutSin_ch1_out0_config
 .rodata.PWMOutSin_config_handle
                0x1000ecc8       0x90 ./Dave/Generated/PWM_CCU8/pwm_ccu8_conf.o
                0x1000ecc8                PWMOutSin_config_handle
 .rodata.PWMOutCos_timer_handle
                0x1000ed58       0x10 ./Dave/Generated/PWM_CCU8/pwm_ccu8_conf.o
                0x1000ed58                PWMOutCos_timer_handle
 .rodata.PWMOutCos_event0_config
                0x1000ed68        0x4 ./Dave/Generated/PWM_CCU8/pwm_ccu8_conf.o
                0x1000ed68                PWMOutCos_event0_config
 .rodata.PWMOutCos_event1_config
                0x1000ed6c        0x4 ./Dave/Generated/PWM_CCU8/pwm_ccu8_conf.o
                0x1000ed6c                PWMOutCos_event1_config
 .rodata.PWMOutCos_event2_config
                0x1000ed70        0x4 ./Dave/Generated/PWM_CCU8/pwm_ccu8_conf.o
                0x1000ed70                PWMOutCos_event2_config
 .rodata.PWMOutCos_dt_config
                0x1000ed74        0xc ./Dave/Generated/PWM_CCU8/pwm_ccu8_conf.o
                0x1000ed74                PWMOutCos_dt_config
 .rodata.PWMOutCos_ch1_out0_config
                0x1000ed80        0x8 ./Dave/Generated/PWM_CCU8/pwm_ccu8_conf.o
                0x1000ed80                PWMOutCos_ch1_out0_config
 .rodata.PWMOutCos_config_handle
                0x1000ed88       0x90 ./Dave/Generated/PWM_CCU8/pwm_ccu8_conf.o
                0x1000ed88                PWMOutCos_config_handle
 .rodata.PWMSinGen_timer_handle
                0x1000ee18        0x8 ./Dave/Generated/PWM_CCU4/pwm_ccu4_conf.o
                0x1000ee18                PWMSinGen_timer_handle
 .rodata.PWMSinGen_event0_config
                0x1000ee20        0x4 ./Dave/Generated/PWM_CCU4/pwm_ccu4_conf.o
                0x1000ee20                PWMSinGen_event0_config
 .rodata.PWMSinGen_event1_config
                0x1000ee24        0x4 ./Dave/Generated/PWM_CCU4/pwm_ccu4_conf.o
                0x1000ee24                PWMSinGen_event1_config
 .rodata.PWMSinGen_event2_config
                0x1000ee28        0x4 ./Dave/Generated/PWM_CCU4/pwm_ccu4_conf.o
                0x1000ee28                PWMSinGen_event2_config
 .rodata.PWMSinGen_ch1_out0_config
                0x1000ee2c        0x8 ./Dave/Generated/PWM_CCU4/pwm_ccu4_conf.o
                0x1000ee2c                PWMSinGen_ch1_out0_config
 .rodata.PWMSinGen_config_handle
                0x1000ee34       0x50 ./Dave/Generated/PWM_CCU4/pwm_ccu4_conf.o
                0x1000ee34                PWMSinGen_config_handle
 .rodata.PWMCosGen_timer_handle
                0x1000ee84        0x8 ./Dave/Generated/PWM_CCU4/pwm_ccu4_conf.o
                0x1000ee84                PWMCosGen_timer_handle
 .rodata.PWMCosGen_event0_config
                0x1000ee8c        0x4 ./Dave/Generated/PWM_CCU4/pwm_ccu4_conf.o
                0x1000ee8c                PWMCosGen_event0_config
 .rodata.PWMCosGen_event1_config
                0x1000ee90        0x4 ./Dave/Generated/PWM_CCU4/pwm_ccu4_conf.o
                0x1000ee90                PWMCosGen_event1_config
 .rodata.PWMCosGen_event2_config
                0x1000ee94        0x4 ./Dave/Generated/PWM_CCU4/pwm_ccu4_conf.o
                0x1000ee94                PWMCosGen_event2_config
 .rodata.PWMCosGen_ch1_out0_config
                0x1000ee98        0x8 ./Dave/Generated/PWM_CCU4/pwm_ccu4_conf.o
                0x1000ee98                PWMCosGen_ch1_out0_config
 .rodata.PWMCosGen_config_handle
                0x1000eea0       0x50 ./Dave/Generated/PWM_CCU4/pwm_ccu4_conf.o
                0x1000eea0                PWMCosGen_config_handle
 .rodata.NoiseBlankSin_timer_handle
                0x1000eef0        0x8 ./Dave/Generated/PWM_CCU4/pwm_ccu4_conf.o
                0x1000eef0                NoiseBlankSin_timer_handle
 .rodata.NoiseBlankSin_event0_config
                0x1000eef8        0x4 ./Dave/Generated/PWM_CCU4/pwm_ccu4_conf.o
                0x1000eef8                NoiseBlankSin_event0_config
 .rodata.NoiseBlankSin_event1_config
                0x1000eefc        0x4 ./Dave/Generated/PWM_CCU4/pwm_ccu4_conf.o
                0x1000eefc                NoiseBlankSin_event1_config
 .rodata.NoiseBlankSin_event2_config
                0x1000ef00        0x4 ./Dave/Generated/PWM_CCU4/pwm_ccu4_conf.o
                0x1000ef00                NoiseBlankSin_event2_config
 .rodata.NoiseBlankSin_ch1_out0_config
                0x1000ef04        0x8 ./Dave/Generated/PWM_CCU4/pwm_ccu4_conf.o
                0x1000ef04                NoiseBlankSin_ch1_out0_config
 .rodata.NoiseBlankSin_config_handle
                0x1000ef0c       0x50 ./Dave/Generated/PWM_CCU4/pwm_ccu4_conf.o
                0x1000ef0c                NoiseBlankSin_config_handle
 .rodata.NoiseBlankCos_timer_handle
                0x1000ef5c        0x8 ./Dave/Generated/PWM_CCU4/pwm_ccu4_conf.o
                0x1000ef5c                NoiseBlankCos_timer_handle
 .rodata.NoiseBlankCos_event0_config
                0x1000ef64        0x4 ./Dave/Generated/PWM_CCU4/pwm_ccu4_conf.o
                0x1000ef64                NoiseBlankCos_event0_config
 .rodata.NoiseBlankCos_event1_config
                0x1000ef68        0x4 ./Dave/Generated/PWM_CCU4/pwm_ccu4_conf.o
                0x1000ef68                NoiseBlankCos_event1_config
 .rodata.NoiseBlankCos_event2_config
                0x1000ef6c        0x4 ./Dave/Generated/PWM_CCU4/pwm_ccu4_conf.o
                0x1000ef6c                NoiseBlankCos_event2_config
 .rodata.NoiseBlankCos_ch1_out0_config
                0x1000ef70        0x8 ./Dave/Generated/PWM_CCU4/pwm_ccu4_conf.o
                0x1000ef70                NoiseBlankCos_ch1_out0_config
 .rodata.NoiseBlankCos_config_handle
                0x1000ef78       0x50 ./Dave/Generated/PWM_CCU4/pwm_ccu4_conf.o
                0x1000ef78                NoiseBlankCos_config_handle
 .rodata.StepInterrupt
                0x1000efc8        0x4 ./Dave/Generated/INTERRUPT/interrupt_conf.o
                0x1000efc8                StepInterrupt
 .rodata.group_init_handle0
                0x1000efcc       0x14 ./Dave/Generated/GLOBAL_ADC/global_adc_conf.o
                0x1000efcc                group_init_handle0
 .rodata.group_init_handle1
                0x1000efe0       0x14 ./Dave/Generated/GLOBAL_ADC/global_adc_conf.o
                0x1000efe0                group_init_handle1
 .rodata.global_config
                0x1000eff4       0x18 ./Dave/Generated/GLOBAL_ADC/global_adc_conf.o
                0x1000eff4                global_config
 .rodata.E_EEPROM_XMC1_lGarbageCollection
                0x1000f00c       0x24 ./Dave/Generated/E_EEPROM_XMC1/e_eeprom_xmc1.o
 .rodata.E_EEPROM_XMC1_block_Config
                0x1000f030        0x8 ./Dave/Generated/E_EEPROM_XMC1/e_eeprom_xmc1_conf.o
                0x1000f030                E_EEPROM_XMC1_block_Config
 .rodata.ERU_SwitchOffOutSin_OGU_Config
                0x1000f038        0x4 ./Dave/Generated/EVENT_GENERATOR/event_generator_conf.o
                0x1000f038                ERU_SwitchOffOutSin_OGU_Config
 .rodata.ERU_SwitchOffOutCos_OGU_Config
                0x1000f03c        0x4 ./Dave/Generated/EVENT_GENERATOR/event_generator_conf.o
                0x1000f03c                ERU_SwitchOffOutCos_OGU_Config
 .rodata.CMPSin_AND_GateTimeSin_ETL_Config
                0x1000f040        0x8 ./Dave/Generated/EVENT_DETECTOR/event_detector_conf.o
                0x1000f040                CMPSin_AND_GateTimeSin_ETL_Config
 .rodata.CMPSin_AND_GateTimeCos_ETL_Config
                0x1000f048        0x8 ./Dave/Generated/EVENT_DETECTOR/event_detector_conf.o
                0x1000f048                CMPSin_AND_GateTimeCos_ETL_Config
 .rodata.Input_DIS
                0x1000f050       0x10 ./Dave/Generated/DIGITAL_IO/digital_io_conf.o
                0x1000f050                Input_DIS
 .rodata.Input_DIR
                0x1000f060       0x10 ./Dave/Generated/DIGITAL_IO/digital_io_conf.o
                0x1000f060                Input_DIR
 .rodata.DisablePwrBridges
                0x1000f070       0x10 ./Dave/Generated/DIGITAL_IO/digital_io_conf.o
                0x1000f070                DisablePwrBridges
 .rodata.DIRSin
                0x1000f080       0x10 ./Dave/Generated/DIGITAL_IO/digital_io_conf.o
                0x1000f080                DIRSin
 .rodata.DIRCos
                0x1000f090       0x10 ./Dave/Generated/DIGITAL_IO/digital_io_conf.o
                0x1000f090                DIRCos
 .rodata.DigIn_GateTimeSin
                0x1000f0a0       0x10 ./Dave/Generated/DIGITAL_IO/digital_io_conf.o
                0x1000f0a0                DigIn_GateTimeSin
 .rodata.DigIn_GateTimeCos
                0x1000f0b0       0x10 ./Dave/Generated/DIGITAL_IO/digital_io_conf.o
                0x1000f0b0                DigIn_GateTimeCos
 .rodata.DigIn_StartGateTimeCos
                0x1000f0c0       0x10 ./Dave/Generated/DIGITAL_IO/digital_io_conf.o
                0x1000f0c0                DigIn_StartGateTimeCos
 .rodata.DigIn_StartGateTimeSin
                0x1000f0d0       0x10 ./Dave/Generated/DIGITAL_IO/digital_io_conf.o
                0x1000f0d0                DigIn_StartGateTimeSin
 .rodata.BridgeErrorSin
                0x1000f0e0       0x10 ./Dave/Generated/DIGITAL_IO/digital_io_conf.o
                0x1000f0e0                BridgeErrorSin
 .rodata.BridgeErrorCos
                0x1000f0f0       0x10 ./Dave/Generated/DIGITAL_IO/digital_io_conf.o
                0x1000f0f0                BridgeErrorCos
 .rodata.Input_STEPviaBCCUTrap
                0x1000f100       0x10 ./Dave/Generated/DIGITAL_IO/digital_io_conf.o
                0x1000f100                Input_STEPviaBCCUTrap
 .rodata.TestOutput
                0x1000f110       0x10 ./Dave/Generated/DIGITAL_IO/digital_io_conf.o
                0x1000f110                TestOutput
 .rodata.DiagLED
                0x1000f120       0x10 ./Dave/Generated/DIGITAL_IO/digital_io_conf.o
                0x1000f120                DiagLED
 .rodata        0x1000f130        0xc ./Dave/Generated/CLOCK_XMC1/clock_xmc1_conf.o
 .rodata.ADC_SCAN_0_reqsrc_config_0
                0x1000f13c        0xc ./Dave/Generated/ADC_SCAN/adc_scan_conf.o
                0x1000f13c                ADC_SCAN_0_reqsrc_config_0
 .rodata.ADC_SCAN_0_init_handle0
                0x1000f148        0xc ./Dave/Generated/ADC_SCAN/adc_scan_conf.o
                0x1000f148                ADC_SCAN_0_init_handle0
 .rodata.ADC_SCAN_1_reqsrc_config_1
                0x1000f154        0xc ./Dave/Generated/ADC_SCAN/adc_scan_conf.o
                0x1000f154                ADC_SCAN_1_reqsrc_config_1
 .rodata.ADC_SCAN_1_init_handle1
                0x1000f160        0xc ./Dave/Generated/ADC_SCAN/adc_scan_conf.o
                0x1000f160                ADC_SCAN_1_init_handle1
 .rodata.group_ptrs
                0x1000f16c        0x8 ./Dave/Generated/ADC_MEASUREMENT_ADV/adc_measurement_adv.o
                0x1000f16c                group_ptrs
 .rodata.ADC_MEASUREMENT_ADV_0_CH2_ICos_ch_config
                0x1000f174       0x10 ./Dave/Generated/ADC_MEASUREMENT_ADV/adc_measurement_adv_conf.o
 .rodata.ADC_MEASUREMENT_ADV_0_CH2_ICos_res_config
                0x1000f184        0x4 ./Dave/Generated/ADC_MEASUREMENT_ADV/adc_measurement_adv_conf.o
 .rodata.ADC_MEASUREMENT_ADV_0_CH2_ICos_handle
                0x1000f188        0xc ./Dave/Generated/ADC_MEASUREMENT_ADV/adc_measurement_adv_conf.o
                0x1000f188                ADC_MEASUREMENT_ADV_0_CH2_ICos_handle
 .rodata.ADC_MEASUREMENT_ADV_0_CHRef_Sin_ch_config
                0x1000f194       0x10 ./Dave/Generated/ADC_MEASUREMENT_ADV/adc_measurement_adv_conf.o
 .rodata.ADC_MEASUREMENT_ADV_0_CHRef_Sin_res_config
                0x1000f1a4        0x4 ./Dave/Generated/ADC_MEASUREMENT_ADV/adc_measurement_adv_conf.o
 .rodata.ADC_MEASUREMENT_ADV_0_CHRef_Sin_handle
                0x1000f1a8        0xc ./Dave/Generated/ADC_MEASUREMENT_ADV/adc_measurement_adv_conf.o
                0x1000f1a8                ADC_MEASUREMENT_ADV_0_CHRef_Sin_handle
 .rodata.ADC_MEASUREMENT_ADV_0_CH2_ICos_scan_entry_0
                0x1000f1b4        0x8 ./Dave/Generated/ADC_MEASUREMENT_ADV/adc_measurement_adv_conf.o
 .rodata.ADC_MEASUREMENT_ADV_0_CHRef_Sin_scan_entry_1
                0x1000f1bc        0x8 ./Dave/Generated/ADC_MEASUREMENT_ADV/adc_measurement_adv_conf.o
 .rodata.ADC_MEASUREMENT_ADV_0
                0x1000f1c4       0x1c ./Dave/Generated/ADC_MEASUREMENT_ADV/adc_measurement_adv_conf.o
                0x1000f1c4                ADC_MEASUREMENT_ADV_0
 .rodata.ADC_MEASUREMENT_ADV_1_CH1_ISin_ch_config
                0x1000f1e0       0x10 ./Dave/Generated/ADC_MEASUREMENT_ADV/adc_measurement_adv_conf.o
 .rodata.ADC_MEASUREMENT_ADV_1_CH1_ISin_res_config
                0x1000f1f0        0x4 ./Dave/Generated/ADC_MEASUREMENT_ADV/adc_measurement_adv_conf.o
 .rodata.ADC_MEASUREMENT_ADV_1_CH1_ISin_handle
                0x1000f1f4        0xc ./Dave/Generated/ADC_MEASUREMENT_ADV/adc_measurement_adv_conf.o
                0x1000f1f4                ADC_MEASUREMENT_ADV_1_CH1_ISin_handle
 .rodata.ADC_MEASUREMENT_ADV_1_CHRef_Cos_ch_config
                0x1000f200       0x10 ./Dave/Generated/ADC_MEASUREMENT_ADV/adc_measurement_adv_conf.o
 .rodata.ADC_MEASUREMENT_ADV_1_CHRef_Cos_res_config
                0x1000f210        0x4 ./Dave/Generated/ADC_MEASUREMENT_ADV/adc_measurement_adv_conf.o
 .rodata.ADC_MEASUREMENT_ADV_1_CHRef_Cos_handle
                0x1000f214        0xc ./Dave/Generated/ADC_MEASUREMENT_ADV/adc_measurement_adv_conf.o
                0x1000f214                ADC_MEASUREMENT_ADV_1_CHRef_Cos_handle
 .rodata.ADC_MEASUREMENT_ADV_1_CH1_ISin_scan_entry_0
                0x1000f220        0x8 ./Dave/Generated/ADC_MEASUREMENT_ADV/adc_measurement_adv_conf.o
 .rodata.ADC_MEASUREMENT_ADV_1_CHRef_Cos_scan_entry_1
                0x1000f228        0x8 ./Dave/Generated/ADC_MEASUREMENT_ADV/adc_measurement_adv_conf.o
 .rodata.ADC_MEASUREMENT_ADV_1
                0x1000f230       0x1c ./Dave/Generated/ADC_MEASUREMENT_ADV/adc_measurement_adv_conf.o
                0x1000f230                ADC_MEASUREMENT_ADV_1
 .rodata.global_iclass_config
                0x1000f24c        0x4 ./Dave/Generated/ADC_MEASUREMENT/adc_measurement_conf.o
                0x1000f24c                global_iclass_config
 .rodata.backgnd_config
                0x1000f250        0xc ./Dave/Generated/ADC_MEASUREMENT/adc_measurement_conf.o
                0x1000f250                backgnd_config
 .rodata.ACMPSin_lld_config
                0x1000f25c        0x4 ./Dave/Generated/ACMP_CONFIG/acmp_config_conf.o
                0x1000f25c                ACMPSin_lld_config
 .rodata.ACMPCos_lld_config
                0x1000f260        0x4 ./Dave/Generated/ACMP_CONFIG/acmp_config_conf.o
                0x1000f260                ACMPCos_lld_config
 .rodata.FullStepSwitching
                0x1000f264       0x40 ./main.o
                0x1000f264                FullStepSwitching
 .rodata.HalfStepSwitching
                0x1000f2a4       0x80 ./main.o
                0x1000f2a4                HalfStepSwitching
 .rodata.main   0x1000f324       0x48 ./main.o
 .rodata.SysTick_Handler
                0x1000f36c       0x48 ./main.o
 .rodata.npio2_hw
                0x1000f3b4       0x80 c:/davev4/dave-4.3.2/eclipse/arm-gcc-49/bin/../lib/gcc/arm-none-eabi/4.9.3/../../../../arm-none-eabi/lib/armv6-m\libm.a(lib_a-e_rem_pio2.o)
 .rodata.two_over_pi
                0x1000f434      0x108 c:/davev4/dave-4.3.2/eclipse/arm-gcc-49/bin/../lib/gcc/arm-none-eabi/4.9.3/../../../../arm-none-eabi/lib/armv6-m\libm.a(lib_a-e_rem_pio2.o)
 .rodata.init_jk
                0x1000f53c       0x10 c:/davev4/dave-4.3.2/eclipse/arm-gcc-49/bin/../lib/gcc/arm-none-eabi/4.9.3/../../../../arm-none-eabi/lib/armv6-m\libm.a(lib_a-k_rem_pio2.o)
 *fill*         0x1000f54c        0x4 
 .rodata.PIo2   0x1000f550       0x40 c:/davev4/dave-4.3.2/eclipse/arm-gcc-49/bin/../lib/gcc/arm-none-eabi/4.9.3/../../../../arm-none-eabi/lib/armv6-m\libm.a(lib_a-k_rem_pio2.o)
 .rodata        0x1000f590       0x40 c:/davev4/dave-4.3.2/eclipse/arm-gcc-49/bin/../lib/gcc/arm-none-eabi/4.9.3/armv6-m\libgcc.a(divdf3.o)
 .rodata        0x1000f5d0       0x40 c:/davev4/dave-4.3.2/eclipse/arm-gcc-49/bin/../lib/gcc/arm-none-eabi/4.9.3/armv6-m\libgcc.a(muldf3.o)
 *(.gnu.linkonce.r*)

.glue_7         0x1000f610        0x0
 .glue_7        0x00000000        0x0 linker stubs

.glue_7t        0x1000f610        0x0
 .glue_7t       0x00000000        0x0 linker stubs

.vfp11_veneer   0x1000f610        0x0
 .vfp11_veneer  0x00000000        0x0 linker stubs

.v4_bx          0x1000f610        0x0
 .v4_bx         0x00000000        0x0 linker stubs

.iplt           0x1000f610        0x0
 .iplt          0x00000000        0x0 ./Startup/startup_XMC1300.o

.eh_frame_hdr
 *(.eh_frame_hdr)

.eh_frame
 *(.eh_frame)

.ARM.extab
 *(.ARM.extab* .gnu.linkonce.armextab.*)
                0x1000f610                . = ALIGN (0x4)
                0x1000f610                __exidx_start = .

.ARM.exidx
 *(.ARM.exidx* .gnu.linkonce.armexidx.*)
                0x1000f610                __exidx_end = .
                0x1000f610                . = ALIGN (0x4)
                0x1000f610                eROData = .

.VENEER_Code    0x2000000c      0x138 load address 0x1000f610
                0x2000000c                . = ALIGN (0x4)
                0x2000000c                VeneerStart = .
 *(.XmcVeneerCode)
 .XmcVeneerCode
                0x2000000c      0x138 ./Startup/startup_XMC1300.o
                0x2000000c                HardFault_Veneer
                0x2000002c                SVC_Veneer
                0x20000038                PendSV_Veneer
                0x2000003c                SysTick_Veneer
                0x20000040                SCU_0_Veneer
                0x20000044                SCU_1_Veneer
                0x20000048                SCU_2_Veneer
                0x2000004c                SCU_3_Veneer
                0x20000050                SCU_4_Veneer
                0x20000054                SCU_5_Veneer
                0x20000058                SCU_6_Veneer
                0x2000005c                MATH_Veneer
                0x20000064                USIC0_0_Veneer
                0x20000068                USIC0_1_Veneer
                0x2000006c                USIC0_2_Veneer
                0x20000070                USIC0_3_Veneer
                0x20000074                USIC0_4_Veneer
                0x20000078                USIC0_5_Veneer
                0x2000007c                VADC0_C0_0_Veneer
                0x20000080                VADC0_C0_1_Veneer
                0x20000084                VADC0_G0_0_Veneer
                0x20000088                VADC0_G0_1_Veneer
                0x2000008c                VADC0_G1_0_Veneer
                0x20000090                VADC0_G1_1_Veneer
                0x20000094                CCU40_0_Veneer
                0x20000098                CCU40_1_Veneer
                0x2000009c                CCU40_2_Veneer
                0x200000a0                CCU40_3_Veneer
                0x200000a4                CCU80_0_Veneer
                0x200000a8                CCU80_1_Veneer
                0x200000ac                POSIF0_0_Veneer
                0x200000b0                POSIF0_1_Veneer
                0x200000bc                BCCU0_0_Veneer
                0x20000144                . = ALIGN (0x4)
                0x20000144                VeneerEnd = .
                0x00000138                VeneerSize = (ABSOLUTE (VeneerEnd) - ABSOLUTE (VeneerStart))

.rel.dyn        0x20000144        0x0 load address 0x1000f748
 .rel.iplt      0x00000000        0x0 ./Startup/startup_XMC1300.o

Stack           0x20000144      0x404 load address 0x00000000
                0x20000148                . = ALIGN (0x8)
 *fill*         0x20000144        0x4 
                0x20000548                . = (. + stack_size)
 *fill*         0x20000148      0x400 
                0x20000548                __initial_sp = .
                0x1000f748                DataLoadAddr = (eROData + VeneerSize)

.data           0x20000548      0x340 load address 0x1000f748
                0x20000548                . = ALIGN (0x4)
                0x20000548                __data_start = .
 *(vtable)
 *(.data)
 *(.data*)
 .data.ProbeScopeDbg_MaxSamples
                0x20000548        0x2 ./ProbeScope/probe_scope.o
 .data.ProbeScopeDbg_MaxCh
                0x2000054a        0x1 ./ProbeScope/probe_scope.o
 *fill*         0x2000054b        0x1 
 .data.ProbeScopeDbg_16BitEn
                0x2000054c        0x4 ./ProbeScope/probe_scope.o
 .data.ProbeScopeDbg_32BitEn
                0x20000550        0x4 ./ProbeScope/probe_scope.o
 .data.Com2Host
                0x20000554        0xc ./Dave/Generated/UART/uart_conf.o
                0x20000554                Com2Host
 .data.PWMOutSin
                0x20000560       0x34 ./Dave/Generated/PWM_CCU8/pwm_ccu8_conf.o
                0x20000560                PWMOutSin
 .data.PWMOutCos
                0x20000594       0x34 ./Dave/Generated/PWM_CCU8/pwm_ccu8_conf.o
                0x20000594                PWMOutCos
 .data.PWMSinGen
                0x200005c8       0x28 ./Dave/Generated/PWM_CCU4/pwm_ccu4_conf.o
                0x200005c8                PWMSinGen
 .data.PWMCosGen
                0x200005f0       0x28 ./Dave/Generated/PWM_CCU4/pwm_ccu4_conf.o
                0x200005f0                PWMCosGen
 .data.NoiseBlankSin
                0x20000618       0x28 ./Dave/Generated/PWM_CCU4/pwm_ccu4_conf.o
                0x20000618                NoiseBlankSin
 .data.NoiseBlankCos
                0x20000640       0x28 ./Dave/Generated/PWM_CCU4/pwm_ccu4_conf.o
                0x20000640                NoiseBlankCos
 .data.PDM_BCCU_0_config
                0x20000668        0xc ./Dave/Generated/PDM_BCCU/pdm_bccu_conf.o
                0x20000668                PDM_BCCU_0_config
 .data.PDM_BCCU_0
                0x20000674       0x30 ./Dave/Generated/PDM_BCCU/pdm_bccu_conf.o
                0x20000674                PDM_BCCU_0
 .data.GLOBAL_CCU8_0
                0x200006a4       0x10 ./Dave/Generated/GLOBAL_CCU8/global_ccu8_conf.o
                0x200006a4                GLOBAL_CCU8_0
 .data.GLOBAL_CCU4_0
                0x200006b4       0x10 ./Dave/Generated/GLOBAL_CCU4/global_ccu4_conf.o
                0x200006b4                GLOBAL_CCU4_0
 .data.confighandle
                0x200006c4        0xc ./Dave/Generated/GLOBAL_BCCU/global_bccu_conf.o
                0x200006c4                confighandle
 .data.GLOBAL_BCCU_0
                0x200006d0       0x10 ./Dave/Generated/GLOBAL_BCCU/global_bccu_conf.o
                0x200006d0                GLOBAL_BCCU_0
 .data.group_0_config
                0x200006e0        0xc ./Dave/Generated/GLOBAL_ADC/global_adc_conf.o
                0x200006e0                group_0_config
 .data.group_1_config
                0x200006ec        0xc ./Dave/Generated/GLOBAL_ADC/global_adc_conf.o
                0x200006ec                group_1_config
 .data.GLOBAL_ADC_0
                0x200006f8       0x18 ./Dave/Generated/GLOBAL_ADC/global_adc_conf.o
                0x200006f8                GLOBAL_ADC_0
 .data.GLOBAL_ACMP_0
                0x20000710        0x8 ./Dave/Generated/GLOBAL_ACMP/global_acmp_conf.o
                0x20000710                GLOBAL_ACMP_0
 .data.E_EEPROM_XMC1_0
                0x20000718       0x10 ./Dave/Generated/E_EEPROM_XMC1/e_eeprom_xmc1_conf.o
                0x20000718                E_EEPROM_XMC1_0
 .data.ERU_SwitchOffOutSin
                0x20000728        0xc ./Dave/Generated/EVENT_GENERATOR/event_generator_conf.o
                0x20000728                ERU_SwitchOffOutSin
 .data.ERU_SwitchOffOutCos
                0x20000734        0xc ./Dave/Generated/EVENT_GENERATOR/event_generator_conf.o
                0x20000734                ERU_SwitchOffOutCos
 .data.CMPSin_AND_GateTimeSin
                0x20000740       0x10 ./Dave/Generated/EVENT_DETECTOR/event_detector_conf.o
                0x20000740                CMPSin_AND_GateTimeSin
 .data.CMPSin_AND_GateTimeCos
                0x20000750       0x10 ./Dave/Generated/EVENT_DETECTOR/event_detector_conf.o
                0x20000750                CMPSin_AND_GateTimeCos
 .data.ADC_SCAN_0
                0x20000760       0x20 ./Dave/Generated/ADC_SCAN/adc_scan_conf.o
                0x20000760                ADC_SCAN_0
 .data.ADC_SCAN_1
                0x20000780       0x20 ./Dave/Generated/ADC_SCAN/adc_scan_conf.o
                0x20000780                ADC_SCAN_1
 .data.ADC_MEASUREMENT_ADV_0_scan_entries
                0x200007a0        0x8 ./Dave/Generated/ADC_MEASUREMENT_ADV/adc_measurement_adv_conf.o
 .data.ADC_MEASUREMENT_ADV_0_channel_array
                0x200007a8        0x8 ./Dave/Generated/ADC_MEASUREMENT_ADV/adc_measurement_adv_conf.o
 .data.ADC_MEASUREMENT_ADV_0_initialization_status
                0x200007b0        0x1 ./Dave/Generated/ADC_MEASUREMENT_ADV/adc_measurement_adv_conf.o
 *fill*         0x200007b1        0x3 
 .data.ADC_MEASUREMENT_ADV_1_scan_entries
                0x200007b4        0x8 ./Dave/Generated/ADC_MEASUREMENT_ADV/adc_measurement_adv_conf.o
 .data.ADC_MEASUREMENT_ADV_1_channel_array
                0x200007bc        0x8 ./Dave/Generated/ADC_MEASUREMENT_ADV/adc_measurement_adv_conf.o
 .data.ADC_MEASUREMENT_ADV_1_initialization_status
                0x200007c4        0x1 ./Dave/Generated/ADC_MEASUREMENT_ADV/adc_measurement_adv_conf.o
 *fill*         0x200007c5        0x3 
 .data.CH3_Udc_ch_config
                0x200007c8       0x10 ./Dave/Generated/ADC_MEASUREMENT/adc_measurement_conf.o
                0x200007c8                CH3_Udc_ch_config
 .data.ADC_MEASUREMENT_CH3_Udc_handle
                0x200007d8       0x10 ./Dave/Generated/ADC_MEASUREMENT/adc_measurement_conf.o
                0x200007d8                ADC_MEASUREMENT_CH3_Udc_handle
 .data.CH4_Poti_ch_config
                0x200007e8       0x10 ./Dave/Generated/ADC_MEASUREMENT/adc_measurement_conf.o
                0x200007e8                CH4_Poti_ch_config
 .data.ADC_MEASUREMENT_CH4_Poti_handle
                0x200007f8       0x10 ./Dave/Generated/ADC_MEASUREMENT/adc_measurement_conf.o
                0x200007f8                ADC_MEASUREMENT_CH4_Poti_handle
 .data.ADC_MEASUREMENT_channel_array
                0x20000808        0x8 ./Dave/Generated/ADC_MEASUREMENT/adc_measurement_conf.o
                0x20000808                ADC_MEASUREMENT_channel_array
 .data.ADC_MEASUREMENT_0
                0x20000810       0x1c ./Dave/Generated/ADC_MEASUREMENT/adc_measurement_conf.o
                0x20000810                ADC_MEASUREMENT_0
 .data.ACMPSin  0x2000082c        0x8 ./Dave/Generated/ACMP_CONFIG/acmp_config_conf.o
                0x2000082c                ACMPSin
 .data.ACMPCos  0x20000834        0x8 ./Dave/Generated/ACMP_CONFIG/acmp_config_conf.o
                0x20000834                ACMPCos
 .data.NumOfMicroSteps
                0x2000083c        0x2 ./main.o
                0x2000083c                NumOfMicroSteps
 .data.u16NumOfStepsMotor
                0x2000083e        0x2 ./main.o
                0x2000083e                u16NumOfStepsMotor
 .data.u16Revolution
                0x20000840        0x2 ./main.o
                0x20000840                u16Revolution
 *fill*         0x20000842        0x2 
 .data.f32Trimfaktor
                0x20000844        0x4 ./main.o
                0x20000844                f32Trimfaktor
 .data.u32PWM_DutyCycleNormFactor
                0x20000848        0x4 ./main.o
                0x20000848                u32PWM_DutyCycleNormFactor
 .data.u32CompareThreshold
                0x2000084c        0x4 ./main.o
                0x2000084c                u32CompareThreshold
 .data.u32NoiseGatingTime_Sin_us
                0x20000850        0x4 ./main.o
                0x20000850                u32NoiseGatingTime_Sin_us
 .data.u32NoiseGatingTime_Cos_us
                0x20000854        0x4 ./main.o
                0x20000854                u32NoiseGatingTime_Cos_us
 .data.u32FreqSinGen_Hz
                0x20000858        0x4 ./main.o
                0x20000858                u32FreqSinGen_Hz
 .data.u32FreqCosGen_Hz
                0x2000085c        0x4 ./main.o
                0x2000085c                u32FreqCosGen_Hz
 .data.u32FreqPWMOutSin_Hz
                0x20000860        0x4 ./main.o
                0x20000860                u32FreqPWMOutSin_Hz
 .data.u32FreqPWMOutCos_Hz
                0x20000864        0x4 ./main.o
                0x20000864                u32FreqPWMOutCos_Hz
 .data.u32DCPWMOutSin
                0x20000868        0x4 ./main.o
                0x20000868                u32DCPWMOutSin
 .data.u32DCPWMOutCos
                0x2000086c        0x4 ./main.o
                0x2000086c                u32DCPWMOutCos
 .data.u8SteppingMode
                0x20000870        0x1 ./main.o
                0x20000870                u8SteppingMode
 .data.u8ControlMode
                0x20000871        0x1 ./main.o
                0x20000871                u8ControlMode
 *fill*         0x20000872        0x2 
 .data.u32TimeBasebySWTimer
                0x20000874        0x4 ./main.o
                0x20000874                u32TimeBasebySWTimer
 .data.u8StepGenerationMethod
                0x20000878        0x1 ./main.o
                0x20000878                u8StepGenerationMethod
 *fill*         0x20000879        0x3 
 .data.u32MeasuretimerThreshold
                0x2000087c        0x4 ./main.o
                0x2000087c                u32MeasuretimerThreshold
 .data.u16NumOfSamples
                0x20000880        0x4 ./main.o
                0x20000880                u16NumOfSamples
 .data.ID_Value_Adr
                0x20000884        0x4 ./main.o
                0x20000884                ID_Value_Adr
 *(*.data)
 *(.gnu.linkonce.d*)
                0x20000888                . = ALIGN (0x4)
                0x20000888                PROVIDE (__preinit_array_start, .)
 *(.preinit_array)
                0x20000888                PROVIDE (__preinit_array_end, .)
                0x20000888                . = ALIGN (0x4)
                0x20000888                PROVIDE (__init_array_start, .)
 *(SORT(.init_array.*))
 *(.init_array)
                0x20000888                PROVIDE (__init_array_end, .)
                0x20000888                . = ALIGN (0x4)
                0x20000888                PROVIDE (__fini_array_start, .)
 *(SORT(.fini_array.*))
 *(.fini_array)
                0x20000888                PROVIDE (__fini_array_end, .)